Job <702915> is submitted to default queue <interactive>.
<<Waiting for dispatch ...>>
<<Starting on cpu07>>

                                 Formality (R)

                 Version V-2023.12 for linux64 - Nov 16, 2023 

                    Copyright (c) 1988 - 2023 Synopsys, Inc.
   This software and the associated documentation are proprietary to Synopsys,
 Inc. This software may only be used in accordance with the terms and conditions
 of a written license agreement with Synopsys, Inc. All other use, reproduction,
   or distribution of this software is strictly prohibited.  Licensed Products
     communicate with Synopsys servers for the purpose of providing software
    updates, detecting software piracy and verifying that customers are using
    Licensed Products in conformity with the applicable License Key for such
  Licensed Products. Synopsys will use information gathered in connection with
    this process to deliver software updates and pursue software pirates and
                                   infringers.

 Inclusivity & Diversity - Visit SolvNetPlus to read the "Synopsys Statement on
            Inclusivity and Diversity" (Refer to article 000036315 at
                        https://solvnetplus.synopsys.com)

Build: 8560677
Hostname: cpu07
Current time: Thu Sep 25 10:53:15 2025

Loading db file '/hpc2ssd/Edatools/synopsys/formality/V-2023.12/libraries/syn/gtech.db'

Script: verify.fms

set_mismatch_message_filter -warn FMR_ELAB-147
1
set_mismatch_message_filter -warn FMR_VLOG-038
Info:  'FMR_VLOG-038' is not a permitted message identifier.
0
set hdlin_error_on_mismatch_message false
Info:  Use of 'hdlin_error_on_mismatch_message' is deprecated,  using 'set_mismatch_message_filter -warn' instead.
false
set verification_failing_point_limit 0
0
set verification_set_undriven_signals 0
0
read_sverilog -r -17 except.v
No target library specified, default is WORK
Loading verilog file '/hpc/home/connect.zzheng989/researchlib/VeriFlatten/eq_check/fpu/except.v'
Current container set to 'r'
1
read_sverilog -r -17 fpu.v
No target library specified, default is WORK
Loading verilog file '/hpc/home/connect.zzheng989/researchlib/VeriFlatten/eq_check/fpu/fpu.v'
1
read_sverilog -r -17 post_norm.v
No target library specified, default is WORK
Loading verilog file '/hpc/home/connect.zzheng989/researchlib/VeriFlatten/eq_check/fpu/post_norm.v'
1
read_sverilog -r -17 pre_norm_fmul.v
No target library specified, default is WORK
Loading verilog file '/hpc/home/connect.zzheng989/researchlib/VeriFlatten/eq_check/fpu/pre_norm_fmul.v'
1
read_sverilog -r -17 pre_norm.v
No target library specified, default is WORK
Loading verilog file '/hpc/home/connect.zzheng989/researchlib/VeriFlatten/eq_check/fpu/pre_norm.v'
1
read_sverilog -r -17 primitives.v
No target library specified, default is WORK
Loading verilog file '/hpc/home/connect.zzheng989/researchlib/VeriFlatten/eq_check/fpu/primitives.v'
1
current_design fpu
r:/WORK/fpu
set_top fpu
Setting top design to 'r:/WORK/fpu'
Status:   Elaborating design fpu   ...  
Status:   Elaborating design except   ...  
Status:   Elaborating design pre_norm   ...  
Status:   Elaborating design pre_norm_fmul   ...  
Status:   Elaborating design add_sub27   ...  
Status:   Elaborating design mul_r2   ...  
Status:   Elaborating design divider_man  N=50, M=24 ...  
Information: Created design named 'divider_man_N50_M24'. (FE-LINK-13)
Warning: Width mismatch on instance '/WORK/fpu/u_divider' of design '/WORK/divider_man_N50_M24' for port 'remainder'. (FE-LINK-21)
Status:   Elaborating design divider_cell  N=73, M=24 ...  
Information: Created design named 'divider_cell_N73_M24'. (FE-LINK-13)
Status:   Elaborating design post_norm   ...  
Status:  Implementing inferred operators...
Top design set to 'r:/WORK/fpu' with warnings

************ RTL Interpretation Summary ************
************ Design: r:/WORK/fpu
full_case ignored (7 total, 1 with unspecified cases)

Please refer to the Formality log file for more details,
or execute report_hdlin_mismatches.
****************************************************

Reference design set to 'r:/WORK/fpu'
1
read_sverilog -i -17 f_fpu.v
No target library specified, default is WORK
Loading verilog file '/hpc/home/connect.zzheng989/researchlib/VeriFlatten/eq_check/fpu/f_fpu.v'
Current container set to 'i'
1
set_top fpu
Setting top design to 'i:/WORK/fpu'
Status:   Elaborating design fpu   ...  
Warning: Comparison with unknown, don't care or tristate will always be false, may cause simulation and synthesis mismatch. (Signal: <unknown> Block: /fpu File: /hpc/home/connect.zzheng989/researchlib/VeriFlatten/eq_check/fpu/f_fpu.v Line: 915)  (FMR_ELAB-034)
Warning: Comparison with unknown, don't care or tristate will always be false, may cause simulation and synthesis mismatch. (Signal: <unknown> Block: /fpu File: /hpc/home/connect.zzheng989/researchlib/VeriFlatten/eq_check/fpu/f_fpu.v Line: 918)  (FMR_ELAB-034)
Warning: Comparison with unknown, don't care or tristate will always be false, may cause simulation and synthesis mismatch. (Signal: <unknown> Block: /fpu File: /hpc/home/connect.zzheng989/researchlib/VeriFlatten/eq_check/fpu/f_fpu.v Line: 921)  (FMR_ELAB-034)
Warning: Comparison with unknown, don't care or tristate will always be false, may cause simulation and synthesis mismatch. (Signal: <unknown> Block: /fpu File: /hpc/home/connect.zzheng989/researchlib/VeriFlatten/eq_check/fpu/f_fpu.v Line: 924)  (FMR_ELAB-034)
Warning: Comparison with unknown, don't care or tristate will always be false, may cause simulation and synthesis mismatch. (Signal: <unknown> Block: /fpu File: /hpc/home/connect.zzheng989/researchlib/VeriFlatten/eq_check/fpu/f_fpu.v Line: 927)  (FMR_ELAB-034)
Warning: Comparison with unknown, don't care or tristate will always be false, may cause simulation and synthesis mismatch. (Signal: <unknown> Block: /fpu File: /hpc/home/connect.zzheng989/researchlib/VeriFlatten/eq_check/fpu/f_fpu.v Line: 930)  (FMR_ELAB-034)
Warning: Comparison with unknown, don't care or tristate will always be false, may cause simulation and synthesis mismatch. (Signal: <unknown> Block: /fpu File: /hpc/home/connect.zzheng989/researchlib/VeriFlatten/eq_check/fpu/f_fpu.v Line: 933)  (FMR_ELAB-034)
Warning: Comparison with unknown, don't care or tristate will always be false, may cause simulation and synthesis mismatch. (Signal: <unknown> Block: /fpu File: /hpc/home/connect.zzheng989/researchlib/VeriFlatten/eq_check/fpu/f_fpu.v Line: 936)  (FMR_ELAB-034)
Warning: Comparison with unknown, don't care or tristate will always be false, may cause simulation and synthesis mismatch. (Signal: <unknown> Block: /fpu File: /hpc/home/connect.zzheng989/researchlib/VeriFlatten/eq_check/fpu/f_fpu.v Line: 939)  (FMR_ELAB-034)
Warning: Comparison with unknown, don't care or tristate will always be false, may cause simulation and synthesis mismatch. (Signal: <unknown> Block: /fpu File: /hpc/home/connect.zzheng989/researchlib/VeriFlatten/eq_check/fpu/f_fpu.v Line: 942)  (FMR_ELAB-034)
Warning: Comparison with unknown, don't care or tristate will always be false, may cause simulation and synthesis mismatch. (Signal: <unknown> Block: /fpu File: /hpc/home/connect.zzheng989/researchlib/VeriFlatten/eq_check/fpu/f_fpu.v Line: 945)  (FMR_ELAB-034)
Warning: Comparison with unknown, don't care or tristate will always be false, may cause simulation and synthesis mismatch. (Signal: <unknown> Block: /fpu File: /hpc/home/connect.zzheng989/researchlib/VeriFlatten/eq_check/fpu/f_fpu.v Line: 948)  (FMR_ELAB-034)
Warning: Comparison with unknown, don't care or tristate will always be false, may cause simulation and synthesis mismatch. (Signal: <unknown> Block: /fpu File: /hpc/home/connect.zzheng989/researchlib/VeriFlatten/eq_check/fpu/f_fpu.v Line: 951)  (FMR_ELAB-034)
Warning: Comparison with unknown, don't care or tristate will always be false, may cause simulation and synthesis mismatch. (Signal: <unknown> Block: /fpu File: /hpc/home/connect.zzheng989/researchlib/VeriFlatten/eq_check/fpu/f_fpu.v Line: 954)  (FMR_ELAB-034)
Warning: Comparison with unknown, don't care or tristate will always be false, may cause simulation and synthesis mismatch. (Signal: <unknown> Block: /fpu File: /hpc/home/connect.zzheng989/researchlib/VeriFlatten/eq_check/fpu/f_fpu.v Line: 957)  (FMR_ELAB-034)
Warning: Comparison with unknown, don't care or tristate will always be false, may cause simulation and synthesis mismatch. (Signal: <unknown> Block: /fpu File: /hpc/home/connect.zzheng989/researchlib/VeriFlatten/eq_check/fpu/f_fpu.v Line: 960)  (FMR_ELAB-034)
Warning: Comparison with unknown, don't care or tristate will always be false, may cause simulation and synthesis mismatch. (Signal: <unknown> Block: /fpu File: /hpc/home/connect.zzheng989/researchlib/VeriFlatten/eq_check/fpu/f_fpu.v Line: 963)  (FMR_ELAB-034)
Warning: Comparison with unknown, don't care or tristate will always be false, may cause simulation and synthesis mismatch. (Signal: <unknown> Block: /fpu File: /hpc/home/connect.zzheng989/researchlib/VeriFlatten/eq_check/fpu/f_fpu.v Line: 966)  (FMR_ELAB-034)
Warning: Comparison with unknown, don't care or tristate will always be false, may cause simulation and synthesis mismatch. (Signal: <unknown> Block: /fpu File: /hpc/home/connect.zzheng989/researchlib/VeriFlatten/eq_check/fpu/f_fpu.v Line: 969)  (FMR_ELAB-034)
Warning: Comparison with unknown, don't care or tristate will always be false, may cause simulation and synthesis mismatch. (Signal: <unknown> Block: /fpu File: /hpc/home/connect.zzheng989/researchlib/VeriFlatten/eq_check/fpu/f_fpu.v Line: 972)  (FMR_ELAB-034)
Warning: Comparison with unknown, don't care or tristate will always be false, may cause simulation and synthesis mismatch. (Signal: <unknown> Block: /fpu File: /hpc/home/connect.zzheng989/researchlib/VeriFlatten/eq_check/fpu/f_fpu.v Line: 975)  (FMR_ELAB-034)
Warning: Comparison with unknown, don't care or tristate will always be false, may cause simulation and synthesis mismatch. (Signal: <unknown> Block: /fpu File: /hpc/home/connect.zzheng989/researchlib/VeriFlatten/eq_check/fpu/f_fpu.v Line: 978)  (FMR_ELAB-034)
Warning: Comparison with unknown, don't care or tristate will always be false, may cause simulation and synthesis mismatch. (Signal: <unknown> Block: /fpu File: /hpc/home/connect.zzheng989/researchlib/VeriFlatten/eq_check/fpu/f_fpu.v Line: 981)  (FMR_ELAB-034)
Warning: Comparison with unknown, don't care or tristate will always be false, may cause simulation and synthesis mismatch. (Signal: <unknown> Block: /fpu File: /hpc/home/connect.zzheng989/researchlib/VeriFlatten/eq_check/fpu/f_fpu.v Line: 1489)  (FMR_ELAB-034)
Warning: Comparison with unknown, don't care or tristate will always be false, may cause simulation and synthesis mismatch. (Signal: <unknown> Block: /fpu File: /hpc/home/connect.zzheng989/researchlib/VeriFlatten/eq_check/fpu/f_fpu.v Line: 1492)  (FMR_ELAB-034)
Warning: Comparison with unknown, don't care or tristate will always be false, may cause simulation and synthesis mismatch. (Signal: <unknown> Block: /fpu File: /hpc/home/connect.zzheng989/researchlib/VeriFlatten/eq_check/fpu/f_fpu.v Line: 1495)  (FMR_ELAB-034)
Warning: Comparison with unknown, don't care or tristate will always be false, may cause simulation and synthesis mismatch. (Signal: <unknown> Block: /fpu File: /hpc/home/connect.zzheng989/researchlib/VeriFlatten/eq_check/fpu/f_fpu.v Line: 1498)  (FMR_ELAB-034)
Warning: Comparison with unknown, don't care or tristate will always be false, may cause simulation and synthesis mismatch. (Signal: <unknown> Block: /fpu File: /hpc/home/connect.zzheng989/researchlib/VeriFlatten/eq_check/fpu/f_fpu.v Line: 1501)  (FMR_ELAB-034)
Warning: Comparison with unknown, don't care or tristate will always be false, may cause simulation and synthesis mismatch. (Signal: <unknown> Block: /fpu File: /hpc/home/connect.zzheng989/researchlib/VeriFlatten/eq_check/fpu/f_fpu.v Line: 1504)  (FMR_ELAB-034)
Warning: Comparison with unknown, don't care or tristate will always be false, may cause simulation and synthesis mismatch. (Signal: <unknown> Block: /fpu File: /hpc/home/connect.zzheng989/researchlib/VeriFlatten/eq_check/fpu/f_fpu.v Line: 1507)  (FMR_ELAB-034)
Warning: Comparison with unknown, don't care or tristate will always be false, may cause simulation and synthesis mismatch. (Signal: <unknown> Block: /fpu File: /hpc/home/connect.zzheng989/researchlib/VeriFlatten/eq_check/fpu/f_fpu.v Line: 1510)  (FMR_ELAB-034)
Warning: Comparison with unknown, don't care or tristate will always be false, may cause simulation and synthesis mismatch. (Signal: <unknown> Block: /fpu File: /hpc/home/connect.zzheng989/researchlib/VeriFlatten/eq_check/fpu/f_fpu.v Line: 1513)  (FMR_ELAB-034)
Warning: Comparison with unknown, don't care or tristate will always be false, may cause simulation and synthesis mismatch. (Signal: <unknown> Block: /fpu File: /hpc/home/connect.zzheng989/researchlib/VeriFlatten/eq_check/fpu/f_fpu.v Line: 1516)  (FMR_ELAB-034)
Warning: Comparison with unknown, don't care or tristate will always be false, may cause simulation and synthesis mismatch. (Signal: <unknown> Block: /fpu File: /hpc/home/connect.zzheng989/researchlib/VeriFlatten/eq_check/fpu/f_fpu.v Line: 1519)  (FMR_ELAB-034)
Warning: Comparison with unknown, don't care or tristate will always be false, may cause simulation and synthesis mismatch. (Signal: <unknown> Block: /fpu File: /hpc/home/connect.zzheng989/researchlib/VeriFlatten/eq_check/fpu/f_fpu.v Line: 1522)  (FMR_ELAB-034)
Warning: Comparison with unknown, don't care or tristate will always be false, may cause simulation and synthesis mismatch. (Signal: <unknown> Block: /fpu File: /hpc/home/connect.zzheng989/researchlib/VeriFlatten/eq_check/fpu/f_fpu.v Line: 1525)  (FMR_ELAB-034)
Warning: Comparison with unknown, don't care or tristate will always be false, may cause simulation and synthesis mismatch. (Signal: <unknown> Block: /fpu File: /hpc/home/connect.zzheng989/researchlib/VeriFlatten/eq_check/fpu/f_fpu.v Line: 1528)  (FMR_ELAB-034)
Warning: Comparison with unknown, don't care or tristate will always be false, may cause simulation and synthesis mismatch. (Signal: <unknown> Block: /fpu File: /hpc/home/connect.zzheng989/researchlib/VeriFlatten/eq_check/fpu/f_fpu.v Line: 1531)  (FMR_ELAB-034)
Warning: Comparison with unknown, don't care or tristate will always be false, may cause simulation and synthesis mismatch. (Signal: <unknown> Block: /fpu File: /hpc/home/connect.zzheng989/researchlib/VeriFlatten/eq_check/fpu/f_fpu.v Line: 1534)  (FMR_ELAB-034)
Warning: Comparison with unknown, don't care or tristate will always be false, may cause simulation and synthesis mismatch. (Signal: <unknown> Block: /fpu File: /hpc/home/connect.zzheng989/researchlib/VeriFlatten/eq_check/fpu/f_fpu.v Line: 1537)  (FMR_ELAB-034)
Warning: Comparison with unknown, don't care or tristate will always be false, may cause simulation and synthesis mismatch. (Signal: <unknown> Block: /fpu File: /hpc/home/connect.zzheng989/researchlib/VeriFlatten/eq_check/fpu/f_fpu.v Line: 1540)  (FMR_ELAB-034)
Warning: Comparison with unknown, don't care or tristate will always be false, may cause simulation and synthesis mismatch. (Signal: <unknown> Block: /fpu File: /hpc/home/connect.zzheng989/researchlib/VeriFlatten/eq_check/fpu/f_fpu.v Line: 1543)  (FMR_ELAB-034)
Warning: Comparison with unknown, don't care or tristate will always be false, may cause simulation and synthesis mismatch. (Signal: <unknown> Block: /fpu File: /hpc/home/connect.zzheng989/researchlib/VeriFlatten/eq_check/fpu/f_fpu.v Line: 1546)  (FMR_ELAB-034)
Warning: Comparison with unknown, don't care or tristate will always be false, may cause simulation and synthesis mismatch. (Signal: <unknown> Block: /fpu File: /hpc/home/connect.zzheng989/researchlib/VeriFlatten/eq_check/fpu/f_fpu.v Line: 1549)  (FMR_ELAB-034)
Warning: Comparison with unknown, don't care or tristate will always be false, may cause simulation and synthesis mismatch. (Signal: <unknown> Block: /fpu File: /hpc/home/connect.zzheng989/researchlib/VeriFlatten/eq_check/fpu/f_fpu.v Line: 1552)  (FMR_ELAB-034)
Warning: Comparison with unknown, don't care or tristate will always be false, may cause simulation and synthesis mismatch. (Signal: <unknown> Block: /fpu File: /hpc/home/connect.zzheng989/researchlib/VeriFlatten/eq_check/fpu/f_fpu.v Line: 1555)  (FMR_ELAB-034)
Warning: Comparison with unknown, don't care or tristate will always be false, may cause simulation and synthesis mismatch. (Signal: <unknown> Block: /fpu File: /hpc/home/connect.zzheng989/researchlib/VeriFlatten/eq_check/fpu/f_fpu.v Line: 1558)  (FMR_ELAB-034)
Warning: Comparison with unknown, don't care or tristate will always be false, may cause simulation and synthesis mismatch. (Signal: <unknown> Block: /fpu File: /hpc/home/connect.zzheng989/researchlib/VeriFlatten/eq_check/fpu/f_fpu.v Line: 1561)  (FMR_ELAB-034)
Warning: Comparison with unknown, don't care or tristate will always be false, may cause simulation and synthesis mismatch. (Signal: <unknown> Block: /fpu File: /hpc/home/connect.zzheng989/researchlib/VeriFlatten/eq_check/fpu/f_fpu.v Line: 1564)  (FMR_ELAB-034)
Warning: Comparison with unknown, don't care or tristate will always be false, may cause simulation and synthesis mismatch. (Signal: <unknown> Block: /fpu File: /hpc/home/connect.zzheng989/researchlib/VeriFlatten/eq_check/fpu/f_fpu.v Line: 1567)  (FMR_ELAB-034)
Warning: Comparison with unknown, don't care or tristate will always be false, may cause simulation and synthesis mismatch. (Signal: <unknown> Block: /fpu File: /hpc/home/connect.zzheng989/researchlib/VeriFlatten/eq_check/fpu/f_fpu.v Line: 1570)  (FMR_ELAB-034)
Warning: Comparison with unknown, don't care or tristate will always be false, may cause simulation and synthesis mismatch. (Signal: <unknown> Block: /fpu File: /hpc/home/connect.zzheng989/researchlib/VeriFlatten/eq_check/fpu/f_fpu.v Line: 1573)  (FMR_ELAB-034)
Warning: Comparison with unknown, don't care or tristate will always be false, may cause simulation and synthesis mismatch. (Signal: <unknown> Block: /fpu File: /hpc/home/connect.zzheng989/researchlib/VeriFlatten/eq_check/fpu/f_fpu.v Line: 1576)  (FMR_ELAB-034)
Warning: Comparison with unknown, don't care or tristate will always be false, may cause simulation and synthesis mismatch. (Signal: <unknown> Block: /fpu File: /hpc/home/connect.zzheng989/researchlib/VeriFlatten/eq_check/fpu/f_fpu.v Line: 1579)  (FMR_ELAB-034)
Warning: Comparison with unknown, don't care or tristate will always be false, may cause simulation and synthesis mismatch. (Signal: <unknown> Block: /fpu File: /hpc/home/connect.zzheng989/researchlib/VeriFlatten/eq_check/fpu/f_fpu.v Line: 1582)  (FMR_ELAB-034)
Warning: Comparison with unknown, don't care or tristate will always be false, may cause simulation and synthesis mismatch. (Signal: <unknown> Block: /fpu File: /hpc/home/connect.zzheng989/researchlib/VeriFlatten/eq_check/fpu/f_fpu.v Line: 1585)  (FMR_ELAB-034)
Warning: Comparison with unknown, don't care or tristate will always be false, may cause simulation and synthesis mismatch. (Signal: <unknown> Block: /fpu File: /hpc/home/connect.zzheng989/researchlib/VeriFlatten/eq_check/fpu/f_fpu.v Line: 1588)  (FMR_ELAB-034)
Warning: Comparison with unknown, don't care or tristate will always be false, may cause simulation and synthesis mismatch. (Signal: <unknown> Block: /fpu File: /hpc/home/connect.zzheng989/researchlib/VeriFlatten/eq_check/fpu/f_fpu.v Line: 1591)  (FMR_ELAB-034)
Warning: Comparison with unknown, don't care or tristate will always be false, may cause simulation and synthesis mismatch. (Signal: <unknown> Block: /fpu File: /hpc/home/connect.zzheng989/researchlib/VeriFlatten/eq_check/fpu/f_fpu.v Line: 1594)  (FMR_ELAB-034)
Warning: Comparison with unknown, don't care or tristate will always be false, may cause simulation and synthesis mismatch. (Signal: <unknown> Block: /fpu File: /hpc/home/connect.zzheng989/researchlib/VeriFlatten/eq_check/fpu/f_fpu.v Line: 1597)  (FMR_ELAB-034)
Warning: Comparison with unknown, don't care or tristate will always be false, may cause simulation and synthesis mismatch. (Signal: <unknown> Block: /fpu File: /hpc/home/connect.zzheng989/researchlib/VeriFlatten/eq_check/fpu/f_fpu.v Line: 1600)  (FMR_ELAB-034)
Warning: Comparison with unknown, don't care or tristate will always be false, may cause simulation and synthesis mismatch. (Signal: <unknown> Block: /fpu File: /hpc/home/connect.zzheng989/researchlib/VeriFlatten/eq_check/fpu/f_fpu.v Line: 1603)  (FMR_ELAB-034)
Warning: Comparison with unknown, don't care or tristate will always be false, may cause simulation and synthesis mismatch. (Signal: <unknown> Block: /fpu File: /hpc/home/connect.zzheng989/researchlib/VeriFlatten/eq_check/fpu/f_fpu.v Line: 1606)  (FMR_ELAB-034)
Warning: Comparison with unknown, don't care or tristate will always be false, may cause simulation and synthesis mismatch. (Signal: <unknown> Block: /fpu File: /hpc/home/connect.zzheng989/researchlib/VeriFlatten/eq_check/fpu/f_fpu.v Line: 1609)  (FMR_ELAB-034)
Warning: Comparison with unknown, don't care or tristate will always be false, may cause simulation and synthesis mismatch. (Signal: <unknown> Block: /fpu File: /hpc/home/connect.zzheng989/researchlib/VeriFlatten/eq_check/fpu/f_fpu.v Line: 1612)  (FMR_ELAB-034)
Warning: Comparison with unknown, don't care or tristate will always be false, may cause simulation and synthesis mismatch. (Signal: <unknown> Block: /fpu File: /hpc/home/connect.zzheng989/researchlib/VeriFlatten/eq_check/fpu/f_fpu.v Line: 1615)  (FMR_ELAB-034)
Warning: Comparison with unknown, don't care or tristate will always be false, may cause simulation and synthesis mismatch. (Signal: <unknown> Block: /fpu File: /hpc/home/connect.zzheng989/researchlib/VeriFlatten/eq_check/fpu/f_fpu.v Line: 1618)  (FMR_ELAB-034)
Warning: Comparison with unknown, don't care or tristate will always be false, may cause simulation and synthesis mismatch. (Signal: <unknown> Block: /fpu File: /hpc/home/connect.zzheng989/researchlib/VeriFlatten/eq_check/fpu/f_fpu.v Line: 1621)  (FMR_ELAB-034)
Warning: Comparison with unknown, don't care or tristate will always be false, may cause simulation and synthesis mismatch. (Signal: <unknown> Block: /fpu File: /hpc/home/connect.zzheng989/researchlib/VeriFlatten/eq_check/fpu/f_fpu.v Line: 1624)  (FMR_ELAB-034)
Warning: Comparison with unknown, don't care or tristate will always be false, may cause simulation and synthesis mismatch. (Signal: <unknown> Block: /fpu File: /hpc/home/connect.zzheng989/researchlib/VeriFlatten/eq_check/fpu/f_fpu.v Line: 1627)  (FMR_ELAB-034)
Warning: Comparison with unknown, don't care or tristate will always be false, may cause simulation and synthesis mismatch. (Signal: <unknown> Block: /fpu File: /hpc/home/connect.zzheng989/researchlib/VeriFlatten/eq_check/fpu/f_fpu.v Line: 1630)  (FMR_ELAB-034)
Status:  Implementing inferred operators...
Top design set to 'i:/WORK/fpu' with warnings
   ATTENTION: RTL interpretation messages were produced during link.
              Verification results may disagree with a logic simulator.

************ RTL Interpretation Summary ************
************ Design: i:/WORK/fpu
71 FMR_ELAB-034 messages produced   

Please refer to the Formality log file for more details,
or execute report_hdlin_mismatches.
****************************************************

Implementation design set to 'i:/WORK/fpu'
1
current_design fpu
i:/WORK/fpu
verify -restart
Reference design is 'r:/WORK/fpu'
Implementation design is 'i:/WORK/fpu'
Status:  Checking designs...
    Warning: 26 (11) undriven nets found in reference (implementation) design; see formality.log for list (FM-399)
Status:  Building verification models...
    Info:  Constant registers have been identified that were initialized by some objects that were assumed to toggle.
           For more info use commands: report_potentially_constant_registers  and report_init_toggle_objects
Status:  Matching...
    
*********************************** Matching Results ***********************************    
 372 Compare points matched by name    
 142 Compare points matched by signature analysis    
 0 Compare points matched by topology    
 71 Matched primary inputs, black-box outputs    
 196(231) Unmatched reference(implementation) compare points    
 0(0) Unmatched reference(implementation) primary inputs, black-box outputs    
 98(144) Unmatched reference(implementation) unread points    
----------------------------------------------------------------------------------------    
Unmatched Objects                                                        REF        IMPL    
----------------------------------------------------------------------------------------    
 Registers                                                               196         231    
   DFF                                                                   153         148    
   Transparent LAT                                                         0          31    
   Constant 0                                                              0          52    
   Constrained 0X                                                         43           0    
****************************************************************************************

    Info:  Formality Guide Files (SVF) can improve matching performance and success by automating setup.
Status:  Verifying...
    Info:  Unrolled Combinational Loop(s) in Reference design.
    Info:  Unrolled Combinational Loop(s) in Implementation design.
    Compare point fpu___fpu___div_opa_ldz_r1_reg[0] failed (is not equivalent)
    Compare point fpu___fpu___div_opa_ldz_r1_reg[1] failed (is not equivalent)
    Compare point fpu___fpu___div_opa_ldz_r1_reg[2] failed (is not equivalent)
    Compare point out_reg[0] failed (is not equivalent)
    Compare point out_reg[10] failed (is not equivalent)
    Compare point out_reg[11] failed (is not equivalent)
    Compare point out_reg[12] failed (is not equivalent)
    Compare point out_reg[13] failed (is not equivalent)
    Compare point out_reg[14] failed (is not equivalent)
    Compare point out_reg[15] failed (is not equivalent)
    Compare point out_reg[16] failed (is not equivalent)
    Compare point out_reg[17] failed (is not equivalent)
    Compare point out_reg[18] failed (is not equivalent)
    Compare point out_reg[19] failed (is not equivalent)
    Compare point out_reg[1] failed (is not equivalent)
    Compare point out_reg[20] failed (is not equivalent)
    Compare point out_reg[21] failed (is not equivalent)
    Compare point out_reg[22] failed (is not equivalent)
    Compare point out_reg[23] failed (is not equivalent)
    Compare point out_reg[24] failed (is not equivalent)
    Compare point out_reg[25] failed (is not equivalent)
    Compare point out_reg[27] failed (is not equivalent)
    Compare point out_reg[2] failed (is not equivalent)
    Compare point out_reg[3] failed (is not equivalent)
    Compare point out_reg[4] failed (is not equivalent)
    Compare point out_reg[5] failed (is not equivalent)
    Compare point out_reg[6] failed (is not equivalent)
    Compare point out_reg[7] failed (is not equivalent)
    Compare point out_reg[8] failed (is not equivalent)
    Compare point out_reg[9] failed (is not equivalent)
    Compare point out_reg[26] failed (is not equivalent)
    Compare point out_reg[28] failed (is not equivalent)
    Compare point zero_reg failed (is not equivalent)
    Compare point out_reg[29] failed (is not equivalent)
    Compare point ine_reg failed (is not equivalent)
    Compare point fpu___fpu___div_opa_ldz_r1_reg[3] failed (is not equivalent)
    Compare point out_reg[30] failed (is not equivalent)
    Compare point fpu___fpu___div_opa_ldz_r1_reg[4] failed (is not equivalent)
    Compare point underflow_reg failed (is not equivalent)
    Compare point overflow_reg failed (is not equivalent)
    Compare point inf_reg failed (is not equivalent)
    Compare point out_reg[31] failed (is not equivalent)

************ RTL Interpretation Summary ************
************ Reference:      r:/WORK/fpu
full_case ignored (7 total, 1 with unspecified cases)
************ Implementation: i:/WORK/fpu
71 FMR_ELAB-034 messages produced   

Please refer to the Formality log file for more details,
or execute report_hdlin_mismatches.
****************************************************


********************************* Verification Results *********************************
Verification FAILED
   ATTENTION: RTL interpretation messages were produced during link
              of implementation design.
              Verification results may disagree with a logic simulator.
-----------------------------------------------------------------------
 Reference design: r:/WORK/fpu
 Implementation design: i:/WORK/fpu
 472 Passing compare points
 42 Failing compare points (42 matched, 0 unmatched)
 0 Aborted compare points
 0 Unverified compare points
----------------------------------------------------------------------------------------
Matched Compare Points     BBPin    Loop   BBNet     Cut    Port     DFF     LAT   TOTAL
----------------------------------------------------------------------------------------
Passing (equivalent)           0       0       0       0      42     429       1     472
Failing (not equivalent)       0       0       0       0       0      42       0      42
Not Compared
  Constant reg                                                         1       0       1
****************************************************************************************
Info:  Try the analyze_points command to see if Formality can determine potential
causes, or suggest next steps for a FAILED or INCONCLUSIVE verification.
See the man page for analyze_points usage and options.
Info:  Formality Guide Files (SVF) can improve verification success by automating setup.
0
exit

Maximum memory usage for this session: 952 MB
CPU usage for this session: 19.44 seconds ( 0.01 hours )
Current time: Thu Sep 25 10:53:35 2025
Elapsed time: 20 seconds ( 0.01 hours )

Thank you for using Formality (R)!
