Sender: LSF System <lsfadmin@cpu08>
Subject: Job 689783: <fm_shell -f verify.fms> in cluster <myCluster> Done

Job <fm_shell -f verify.fms> was submitted from host <vm_yangdilyu> by user <connect.zzheng989> in cluster <myCluster> at Thu Sep 11 00:33:00 2025
Job was executed on host(s) <5*cpu08>, in queue <normal>, as user <connect.zzheng989> in cluster <myCluster> at Thu Sep 11 00:33:01 2025
                            <27*cpu07>
</hpc/home/connect.zzheng989> was used as the home directory.
</hpc/home/connect.zzheng989/researchlib/VeriFlatten/eq_check/fpu> was used as the working directory.
Started at Thu Sep 11 00:33:01 2025
Terminated at Thu Sep 11 00:33:30 2025
Results reported at Thu Sep 11 00:33:30 2025

Your job looked like:

------------------------------------------------------------
# LSBATCH: User input
fm_shell -f verify.fms
------------------------------------------------------------

Successfully completed.

Resource usage summary:

    CPU time :                                   26.91 sec.
    Max Memory :                                 297 MB
    Average Memory :                             257.50 MB
    Total Requested Memory :                     -
    Delta Memory :                               -
    Max Swap :                                   -
    Max Processes :                              4
    Max Threads :                                5
    Run time :                                   29 sec.
    Turnaround time :                            30 sec.

The output (if any) follows:


                                 Formality (R)

                 Version V-2023.12 for linux64 - Nov 16, 2023 

                    Copyright (c) 1988 - 2023 Synopsys, Inc.
   This software and the associated documentation are proprietary to Synopsys,
 Inc. This software may only be used in accordance with the terms and conditions
 of a written license agreement with Synopsys, Inc. All other use, reproduction,
   or distribution of this software is strictly prohibited.  Licensed Products
     communicate with Synopsys servers for the purpose of providing software
    updates, detecting software piracy and verifying that customers are using
    Licensed Products in conformity with the applicable License Key for such
  Licensed Products. Synopsys will use information gathered in connection with
    this process to deliver software updates and pursue software pirates and
                                   infringers.

 Inclusivity & Diversity - Visit SolvNetPlus to read the "Synopsys Statement on
            Inclusivity and Diversity" (Refer to article 000036315 at
                        https://solvnetplus.synopsys.com)

Build: 8560677
Hostname: cpu08
Current time: Thu Sep 11 00:33:02 2025

Loading db file '/hpc2ssd/Edatools/synopsys/formality/V-2023.12/libraries/syn/gtech.db'

Script: verify.fms

set_mismatch_message_filter -warn FMR_ELAB-147
1
set_mismatch_message_filter -warn FMR_VLOG-038
Info:  'FMR_VLOG-038' is not a permitted message identifier.
0
set hdlin_error_on_mismatch_message false
Info:  Use of 'hdlin_error_on_mismatch_message' is deprecated,  using 'set_mismatch_message_filter -warn' instead.
false
set verification_failing_point_limit 0
0
set verification_set_undriven_signals 0
0
read_sverilog -r -17 except.v
No target library specified, default is WORK
Loading verilog file '/hpc/home/connect.zzheng989/researchlib/VeriFlatten/eq_check/fpu/except.v'
Current container set to 'r'
1
read_sverilog -r -17 fpu.v
No target library specified, default is WORK
Loading verilog file '/hpc/home/connect.zzheng989/researchlib/VeriFlatten/eq_check/fpu/fpu.v'
1
read_sverilog -r -17 post_norm.v
No target library specified, default is WORK
Loading verilog file '/hpc/home/connect.zzheng989/researchlib/VeriFlatten/eq_check/fpu/post_norm.v'
1
read_sverilog -r -17 pre_norm_fmul.v
No target library specified, default is WORK
Loading verilog file '/hpc/home/connect.zzheng989/researchlib/VeriFlatten/eq_check/fpu/pre_norm_fmul.v'
1
read_sverilog -r -17 pre_norm.v
No target library specified, default is WORK
Loading verilog file '/hpc/home/connect.zzheng989/researchlib/VeriFlatten/eq_check/fpu/pre_norm.v'
1
read_sverilog -r -17 primitives.v
No target library specified, default is WORK
Loading verilog file '/hpc/home/connect.zzheng989/researchlib/VeriFlatten/eq_check/fpu/primitives.v'
1
current_design fpu
r:/WORK/fpu
# set_dont_verify_points [all_registers]
set_top fpu
Setting top design to 'r:/WORK/fpu'
Status:   Elaborating design fpu   ...  
Status:   Elaborating design except   ...  
Status:   Elaborating design pre_norm   ...  
Status:   Elaborating design pre_norm_fmul   ...  
Status:   Elaborating design add_sub27   ...  
Status:   Elaborating design mul_r2   ...  
Status:   Elaborating design divider_man  N=50, M=24 ...  
Information: Created design named 'divider_man_N50_M24'. (FE-LINK-13)
Warning: Width mismatch on instance '/WORK/fpu/u_divider' of design '/WORK/divider_man_N50_M24' for port 'remainder'. (FE-LINK-21)
Status:   Elaborating design divider_cell  N=73, M=24 ...  
Information: Created design named 'divider_cell_N73_M24'. (FE-LINK-13)
Status:   Elaborating design post_norm   ...  
Status:  Implementing inferred operators...
Top design set to 'r:/WORK/fpu' with warnings

************ RTL Interpretation Summary ************
************ Design: r:/WORK/fpu
full_case ignored (7 total, 1 with unspecified cases)

Please refer to the Formality log file for more details,
or execute report_hdlin_mismatches.
****************************************************

Reference design set to 'r:/WORK/fpu'
1
read_sverilog -i -17 f_fpu.v
No target library specified, default is WORK
Loading verilog file '/hpc/home/connect.zzheng989/researchlib/VeriFlatten/eq_check/fpu/f_fpu.v'
Current container set to 'i'
1
set_top fpu
Setting top design to 'i:/WORK/fpu'
Status:   Elaborating design fpu   ...  
Warning: Comparison with unknown, don't care or tristate will always be false, may cause simulation and synthesis mismatch. (Signal: <unknown> Block: /fpu File: /hpc/home/connect.zzheng989/researchlib/VeriFlatten/eq_check/fpu/f_fpu.v Line: 1397)  (FMR_ELAB-034)
Warning: Comparison with unknown, don't care or tristate will always be false, may cause simulation and synthesis mismatch. (Signal: <unknown> Block: /fpu File: /hpc/home/connect.zzheng989/researchlib/VeriFlatten/eq_check/fpu/f_fpu.v Line: 1400)  (FMR_ELAB-034)
Warning: Comparison with unknown, don't care or tristate will always be false, may cause simulation and synthesis mismatch. (Signal: <unknown> Block: /fpu File: /hpc/home/connect.zzheng989/researchlib/VeriFlatten/eq_check/fpu/f_fpu.v Line: 1403)  (FMR_ELAB-034)
Warning: Comparison with unknown, don't care or tristate will always be false, may cause simulation and synthesis mismatch. (Signal: <unknown> Block: /fpu File: /hpc/home/connect.zzheng989/researchlib/VeriFlatten/eq_check/fpu/f_fpu.v Line: 1406)  (FMR_ELAB-034)
Warning: Comparison with unknown, don't care or tristate will always be false, may cause simulation and synthesis mismatch. (Signal: <unknown> Block: /fpu File: /hpc/home/connect.zzheng989/researchlib/VeriFlatten/eq_check/fpu/f_fpu.v Line: 1409)  (FMR_ELAB-034)
Warning: Comparison with unknown, don't care or tristate will always be false, may cause simulation and synthesis mismatch. (Signal: <unknown> Block: /fpu File: /hpc/home/connect.zzheng989/researchlib/VeriFlatten/eq_check/fpu/f_fpu.v Line: 1412)  (FMR_ELAB-034)
Warning: Comparison with unknown, don't care or tristate will always be false, may cause simulation and synthesis mismatch. (Signal: <unknown> Block: /fpu File: /hpc/home/connect.zzheng989/researchlib/VeriFlatten/eq_check/fpu/f_fpu.v Line: 1415)  (FMR_ELAB-034)
Warning: Comparison with unknown, don't care or tristate will always be false, may cause simulation and synthesis mismatch. (Signal: <unknown> Block: /fpu File: /hpc/home/connect.zzheng989/researchlib/VeriFlatten/eq_check/fpu/f_fpu.v Line: 1418)  (FMR_ELAB-034)
Warning: Comparison with unknown, don't care or tristate will always be false, may cause simulation and synthesis mismatch. (Signal: <unknown> Block: /fpu File: /hpc/home/connect.zzheng989/researchlib/VeriFlatten/eq_check/fpu/f_fpu.v Line: 1421)  (FMR_ELAB-034)
Warning: Comparison with unknown, don't care or tristate will always be false, may cause simulation and synthesis mismatch. (Signal: <unknown> Block: /fpu File: /hpc/home/connect.zzheng989/researchlib/VeriFlatten/eq_check/fpu/f_fpu.v Line: 1424)  (FMR_ELAB-034)
Warning: Comparison with unknown, don't care or tristate will always be false, may cause simulation and synthesis mismatch. (Signal: <unknown> Block: /fpu File: /hpc/home/connect.zzheng989/researchlib/VeriFlatten/eq_check/fpu/f_fpu.v Line: 1427)  (FMR_ELAB-034)
Warning: Comparison with unknown, don't care or tristate will always be false, may cause simulation and synthesis mismatch. (Signal: <unknown> Block: /fpu File: /hpc/home/connect.zzheng989/researchlib/VeriFlatten/eq_check/fpu/f_fpu.v Line: 1430)  (FMR_ELAB-034)
Warning: Comparison with unknown, don't care or tristate will always be false, may cause simulation and synthesis mismatch. (Signal: <unknown> Block: /fpu File: /hpc/home/connect.zzheng989/researchlib/VeriFlatten/eq_check/fpu/f_fpu.v Line: 1433)  (FMR_ELAB-034)
Warning: Comparison with unknown, don't care or tristate will always be false, may cause simulation and synthesis mismatch. (Signal: <unknown> Block: /fpu File: /hpc/home/connect.zzheng989/researchlib/VeriFlatten/eq_check/fpu/f_fpu.v Line: 1436)  (FMR_ELAB-034)
Warning: Comparison with unknown, don't care or tristate will always be false, may cause simulation and synthesis mismatch. (Signal: <unknown> Block: /fpu File: /hpc/home/connect.zzheng989/researchlib/VeriFlatten/eq_check/fpu/f_fpu.v Line: 1439)  (FMR_ELAB-034)
Warning: Comparison with unknown, don't care or tristate will always be false, may cause simulation and synthesis mismatch. (Signal: <unknown> Block: /fpu File: /hpc/home/connect.zzheng989/researchlib/VeriFlatten/eq_check/fpu/f_fpu.v Line: 1442)  (FMR_ELAB-034)
Warning: Comparison with unknown, don't care or tristate will always be false, may cause simulation and synthesis mismatch. (Signal: <unknown> Block: /fpu File: /hpc/home/connect.zzheng989/researchlib/VeriFlatten/eq_check/fpu/f_fpu.v Line: 1445)  (FMR_ELAB-034)
Warning: Comparison with unknown, don't care or tristate will always be false, may cause simulation and synthesis mismatch. (Signal: <unknown> Block: /fpu File: /hpc/home/connect.zzheng989/researchlib/VeriFlatten/eq_check/fpu/f_fpu.v Line: 1448)  (FMR_ELAB-034)
Warning: Comparison with unknown, don't care or tristate will always be false, may cause simulation and synthesis mismatch. (Signal: <unknown> Block: /fpu File: /hpc/home/connect.zzheng989/researchlib/VeriFlatten/eq_check/fpu/f_fpu.v Line: 1451)  (FMR_ELAB-034)
Warning: Comparison with unknown, don't care or tristate will always be false, may cause simulation and synthesis mismatch. (Signal: <unknown> Block: /fpu File: /hpc/home/connect.zzheng989/researchlib/VeriFlatten/eq_check/fpu/f_fpu.v Line: 1454)  (FMR_ELAB-034)
Warning: Comparison with unknown, don't care or tristate will always be false, may cause simulation and synthesis mismatch. (Signal: <unknown> Block: /fpu File: /hpc/home/connect.zzheng989/researchlib/VeriFlatten/eq_check/fpu/f_fpu.v Line: 1457)  (FMR_ELAB-034)
Warning: Comparison with unknown, don't care or tristate will always be false, may cause simulation and synthesis mismatch. (Signal: <unknown> Block: /fpu File: /hpc/home/connect.zzheng989/researchlib/VeriFlatten/eq_check/fpu/f_fpu.v Line: 1460)  (FMR_ELAB-034)
Warning: Comparison with unknown, don't care or tristate will always be false, may cause simulation and synthesis mismatch. (Signal: <unknown> Block: /fpu File: /hpc/home/connect.zzheng989/researchlib/VeriFlatten/eq_check/fpu/f_fpu.v Line: 1463)  (FMR_ELAB-034)
Warning: Comparison with unknown, don't care or tristate will always be false, may cause simulation and synthesis mismatch. (Signal: <unknown> Block: /fpu File: /hpc/home/connect.zzheng989/researchlib/VeriFlatten/eq_check/fpu/f_fpu.v Line: 2366)  (FMR_ELAB-034)
Warning: Comparison with unknown, don't care or tristate will always be false, may cause simulation and synthesis mismatch. (Signal: <unknown> Block: /fpu File: /hpc/home/connect.zzheng989/researchlib/VeriFlatten/eq_check/fpu/f_fpu.v Line: 2369)  (FMR_ELAB-034)
Warning: Comparison with unknown, don't care or tristate will always be false, may cause simulation and synthesis mismatch. (Signal: <unknown> Block: /fpu File: /hpc/home/connect.zzheng989/researchlib/VeriFlatten/eq_check/fpu/f_fpu.v Line: 2372)  (FMR_ELAB-034)
Warning: Comparison with unknown, don't care or tristate will always be false, may cause simulation and synthesis mismatch. (Signal: <unknown> Block: /fpu File: /hpc/home/connect.zzheng989/researchlib/VeriFlatten/eq_check/fpu/f_fpu.v Line: 2375)  (FMR_ELAB-034)
Warning: Comparison with unknown, don't care or tristate will always be false, may cause simulation and synthesis mismatch. (Signal: <unknown> Block: /fpu File: /hpc/home/connect.zzheng989/researchlib/VeriFlatten/eq_check/fpu/f_fpu.v Line: 2378)  (FMR_ELAB-034)
Warning: Comparison with unknown, don't care or tristate will always be false, may cause simulation and synthesis mismatch. (Signal: <unknown> Block: /fpu File: /hpc/home/connect.zzheng989/researchlib/VeriFlatten/eq_check/fpu/f_fpu.v Line: 2381)  (FMR_ELAB-034)
Warning: Comparison with unknown, don't care or tristate will always be false, may cause simulation and synthesis mismatch. (Signal: <unknown> Block: /fpu File: /hpc/home/connect.zzheng989/researchlib/VeriFlatten/eq_check/fpu/f_fpu.v Line: 2384)  (FMR_ELAB-034)
Warning: Comparison with unknown, don't care or tristate will always be false, may cause simulation and synthesis mismatch. (Signal: <unknown> Block: /fpu File: /hpc/home/connect.zzheng989/researchlib/VeriFlatten/eq_check/fpu/f_fpu.v Line: 2387)  (FMR_ELAB-034)
Warning: Comparison with unknown, don't care or tristate will always be false, may cause simulation and synthesis mismatch. (Signal: <unknown> Block: /fpu File: /hpc/home/connect.zzheng989/researchlib/VeriFlatten/eq_check/fpu/f_fpu.v Line: 2390)  (FMR_ELAB-034)
Warning: Comparison with unknown, don't care or tristate will always be false, may cause simulation and synthesis mismatch. (Signal: <unknown> Block: /fpu File: /hpc/home/connect.zzheng989/researchlib/VeriFlatten/eq_check/fpu/f_fpu.v Line: 2393)  (FMR_ELAB-034)
Warning: Comparison with unknown, don't care or tristate will always be false, may cause simulation and synthesis mismatch. (Signal: <unknown> Block: /fpu File: /hpc/home/connect.zzheng989/researchlib/VeriFlatten/eq_check/fpu/f_fpu.v Line: 2396)  (FMR_ELAB-034)
Warning: Comparison with unknown, don't care or tristate will always be false, may cause simulation and synthesis mismatch. (Signal: <unknown> Block: /fpu File: /hpc/home/connect.zzheng989/researchlib/VeriFlatten/eq_check/fpu/f_fpu.v Line: 2399)  (FMR_ELAB-034)
Warning: Comparison with unknown, don't care or tristate will always be false, may cause simulation and synthesis mismatch. (Signal: <unknown> Block: /fpu File: /hpc/home/connect.zzheng989/researchlib/VeriFlatten/eq_check/fpu/f_fpu.v Line: 2402)  (FMR_ELAB-034)
Warning: Comparison with unknown, don't care or tristate will always be false, may cause simulation and synthesis mismatch. (Signal: <unknown> Block: /fpu File: /hpc/home/connect.zzheng989/researchlib/VeriFlatten/eq_check/fpu/f_fpu.v Line: 2405)  (FMR_ELAB-034)
Warning: Comparison with unknown, don't care or tristate will always be false, may cause simulation and synthesis mismatch. (Signal: <unknown> Block: /fpu File: /hpc/home/connect.zzheng989/researchlib/VeriFlatten/eq_check/fpu/f_fpu.v Line: 2408)  (FMR_ELAB-034)
Warning: Comparison with unknown, don't care or tristate will always be false, may cause simulation and synthesis mismatch. (Signal: <unknown> Block: /fpu File: /hpc/home/connect.zzheng989/researchlib/VeriFlatten/eq_check/fpu/f_fpu.v Line: 2411)  (FMR_ELAB-034)
Warning: Comparison with unknown, don't care or tristate will always be false, may cause simulation and synthesis mismatch. (Signal: <unknown> Block: /fpu File: /hpc/home/connect.zzheng989/researchlib/VeriFlatten/eq_check/fpu/f_fpu.v Line: 2414)  (FMR_ELAB-034)
Warning: Comparison with unknown, don't care or tristate will always be false, may cause simulation and synthesis mismatch. (Signal: <unknown> Block: /fpu File: /hpc/home/connect.zzheng989/researchlib/VeriFlatten/eq_check/fpu/f_fpu.v Line: 2417)  (FMR_ELAB-034)
Warning: Comparison with unknown, don't care or tristate will always be false, may cause simulation and synthesis mismatch. (Signal: <unknown> Block: /fpu File: /hpc/home/connect.zzheng989/researchlib/VeriFlatten/eq_check/fpu/f_fpu.v Line: 2420)  (FMR_ELAB-034)
Warning: Comparison with unknown, don't care or tristate will always be false, may cause simulation and synthesis mismatch. (Signal: <unknown> Block: /fpu File: /hpc/home/connect.zzheng989/researchlib/VeriFlatten/eq_check/fpu/f_fpu.v Line: 2423)  (FMR_ELAB-034)
Warning: Comparison with unknown, don't care or tristate will always be false, may cause simulation and synthesis mismatch. (Signal: <unknown> Block: /fpu File: /hpc/home/connect.zzheng989/researchlib/VeriFlatten/eq_check/fpu/f_fpu.v Line: 2426)  (FMR_ELAB-034)
Warning: Comparison with unknown, don't care or tristate will always be false, may cause simulation and synthesis mismatch. (Signal: <unknown> Block: /fpu File: /hpc/home/connect.zzheng989/researchlib/VeriFlatten/eq_check/fpu/f_fpu.v Line: 2429)  (FMR_ELAB-034)
Warning: Comparison with unknown, don't care or tristate will always be false, may cause simulation and synthesis mismatch. (Signal: <unknown> Block: /fpu File: /hpc/home/connect.zzheng989/researchlib/VeriFlatten/eq_check/fpu/f_fpu.v Line: 2432)  (FMR_ELAB-034)
Warning: Comparison with unknown, don't care or tristate will always be false, may cause simulation and synthesis mismatch. (Signal: <unknown> Block: /fpu File: /hpc/home/connect.zzheng989/researchlib/VeriFlatten/eq_check/fpu/f_fpu.v Line: 2435)  (FMR_ELAB-034)
Warning: Comparison with unknown, don't care or tristate will always be false, may cause simulation and synthesis mismatch. (Signal: <unknown> Block: /fpu File: /hpc/home/connect.zzheng989/researchlib/VeriFlatten/eq_check/fpu/f_fpu.v Line: 2438)  (FMR_ELAB-034)
Warning: Comparison with unknown, don't care or tristate will always be false, may cause simulation and synthesis mismatch. (Signal: <unknown> Block: /fpu File: /hpc/home/connect.zzheng989/researchlib/VeriFlatten/eq_check/fpu/f_fpu.v Line: 2441)  (FMR_ELAB-034)
Warning: Comparison with unknown, don't care or tristate will always be false, may cause simulation and synthesis mismatch. (Signal: <unknown> Block: /fpu File: /hpc/home/connect.zzheng989/researchlib/VeriFlatten/eq_check/fpu/f_fpu.v Line: 2444)  (FMR_ELAB-034)
Warning: Comparison with unknown, don't care or tristate will always be false, may cause simulation and synthesis mismatch. (Signal: <unknown> Block: /fpu File: /hpc/home/connect.zzheng989/researchlib/VeriFlatten/eq_check/fpu/f_fpu.v Line: 2447)  (FMR_ELAB-034)
Warning: Comparison with unknown, don't care or tristate will always be false, may cause simulation and synthesis mismatch. (Signal: <unknown> Block: /fpu File: /hpc/home/connect.zzheng989/researchlib/VeriFlatten/eq_check/fpu/f_fpu.v Line: 2450)  (FMR_ELAB-034)
Warning: Comparison with unknown, don't care or tristate will always be false, may cause simulation and synthesis mismatch. (Signal: <unknown> Block: /fpu File: /hpc/home/connect.zzheng989/researchlib/VeriFlatten/eq_check/fpu/f_fpu.v Line: 2453)  (FMR_ELAB-034)
Warning: Comparison with unknown, don't care or tristate will always be false, may cause simulation and synthesis mismatch. (Signal: <unknown> Block: /fpu File: /hpc/home/connect.zzheng989/researchlib/VeriFlatten/eq_check/fpu/f_fpu.v Line: 2456)  (FMR_ELAB-034)
Warning: Comparison with unknown, don't care or tristate will always be false, may cause simulation and synthesis mismatch. (Signal: <unknown> Block: /fpu File: /hpc/home/connect.zzheng989/researchlib/VeriFlatten/eq_check/fpu/f_fpu.v Line: 2459)  (FMR_ELAB-034)
Warning: Comparison with unknown, don't care or tristate will always be false, may cause simulation and synthesis mismatch. (Signal: <unknown> Block: /fpu File: /hpc/home/connect.zzheng989/researchlib/VeriFlatten/eq_check/fpu/f_fpu.v Line: 2462)  (FMR_ELAB-034)
Warning: Comparison with unknown, don't care or tristate will always be false, may cause simulation and synthesis mismatch. (Signal: <unknown> Block: /fpu File: /hpc/home/connect.zzheng989/researchlib/VeriFlatten/eq_check/fpu/f_fpu.v Line: 2465)  (FMR_ELAB-034)
Warning: Comparison with unknown, don't care or tristate will always be false, may cause simulation and synthesis mismatch. (Signal: <unknown> Block: /fpu File: /hpc/home/connect.zzheng989/researchlib/VeriFlatten/eq_check/fpu/f_fpu.v Line: 2468)  (FMR_ELAB-034)
Warning: Comparison with unknown, don't care or tristate will always be false, may cause simulation and synthesis mismatch. (Signal: <unknown> Block: /fpu File: /hpc/home/connect.zzheng989/researchlib/VeriFlatten/eq_check/fpu/f_fpu.v Line: 2471)  (FMR_ELAB-034)
Warning: Comparison with unknown, don't care or tristate will always be false, may cause simulation and synthesis mismatch. (Signal: <unknown> Block: /fpu File: /hpc/home/connect.zzheng989/researchlib/VeriFlatten/eq_check/fpu/f_fpu.v Line: 2474)  (FMR_ELAB-034)
Warning: Comparison with unknown, don't care or tristate will always be false, may cause simulation and synthesis mismatch. (Signal: <unknown> Block: /fpu File: /hpc/home/connect.zzheng989/researchlib/VeriFlatten/eq_check/fpu/f_fpu.v Line: 2477)  (FMR_ELAB-034)
Warning: Comparison with unknown, don't care or tristate will always be false, may cause simulation and synthesis mismatch. (Signal: <unknown> Block: /fpu File: /hpc/home/connect.zzheng989/researchlib/VeriFlatten/eq_check/fpu/f_fpu.v Line: 2480)  (FMR_ELAB-034)
Warning: Comparison with unknown, don't care or tristate will always be false, may cause simulation and synthesis mismatch. (Signal: <unknown> Block: /fpu File: /hpc/home/connect.zzheng989/researchlib/VeriFlatten/eq_check/fpu/f_fpu.v Line: 2483)  (FMR_ELAB-034)
Warning: Comparison with unknown, don't care or tristate will always be false, may cause simulation and synthesis mismatch. (Signal: <unknown> Block: /fpu File: /hpc/home/connect.zzheng989/researchlib/VeriFlatten/eq_check/fpu/f_fpu.v Line: 2486)  (FMR_ELAB-034)
Warning: Comparison with unknown, don't care or tristate will always be false, may cause simulation and synthesis mismatch. (Signal: <unknown> Block: /fpu File: /hpc/home/connect.zzheng989/researchlib/VeriFlatten/eq_check/fpu/f_fpu.v Line: 2489)  (FMR_ELAB-034)
Warning: Comparison with unknown, don't care or tristate will always be false, may cause simulation and synthesis mismatch. (Signal: <unknown> Block: /fpu File: /hpc/home/connect.zzheng989/researchlib/VeriFlatten/eq_check/fpu/f_fpu.v Line: 2492)  (FMR_ELAB-034)
Warning: Comparison with unknown, don't care or tristate will always be false, may cause simulation and synthesis mismatch. (Signal: <unknown> Block: /fpu File: /hpc/home/connect.zzheng989/researchlib/VeriFlatten/eq_check/fpu/f_fpu.v Line: 2495)  (FMR_ELAB-034)
Warning: Comparison with unknown, don't care or tristate will always be false, may cause simulation and synthesis mismatch. (Signal: <unknown> Block: /fpu File: /hpc/home/connect.zzheng989/researchlib/VeriFlatten/eq_check/fpu/f_fpu.v Line: 2498)  (FMR_ELAB-034)
Warning: Comparison with unknown, don't care or tristate will always be false, may cause simulation and synthesis mismatch. (Signal: <unknown> Block: /fpu File: /hpc/home/connect.zzheng989/researchlib/VeriFlatten/eq_check/fpu/f_fpu.v Line: 2501)  (FMR_ELAB-034)
Warning: Comparison with unknown, don't care or tristate will always be false, may cause simulation and synthesis mismatch. (Signal: <unknown> Block: /fpu File: /hpc/home/connect.zzheng989/researchlib/VeriFlatten/eq_check/fpu/f_fpu.v Line: 2504)  (FMR_ELAB-034)
Warning: Comparison with unknown, don't care or tristate will always be false, may cause simulation and synthesis mismatch. (Signal: <unknown> Block: /fpu File: /hpc/home/connect.zzheng989/researchlib/VeriFlatten/eq_check/fpu/f_fpu.v Line: 2507)  (FMR_ELAB-034)
Status:  Implementing inferred operators...
Top design set to 'i:/WORK/fpu' with warnings
   ATTENTION: RTL interpretation messages were produced during link.
              Verification results may disagree with a logic simulator.

************ RTL Interpretation Summary ************
************ Design: i:/WORK/fpu
71 FMR_ELAB-034 messages produced   

Please refer to the Formality log file for more details,
or execute report_hdlin_mismatches.
****************************************************

Implementation design set to 'i:/WORK/fpu'
1
current_design fpu
i:/WORK/fpu
# set_dont_verify_points [all_registers]
verify -restart
Reference design is 'r:/WORK/fpu'
Implementation design is 'i:/WORK/fpu'
Status:  Checking designs...
    Warning: 26 (11) undriven nets found in reference (implementation) design; see formality.log for list (FM-399)
Status:  Building verification models...
    Info:  Constant registers have been identified that were initialized by some objects that were assumed to toggle.
           For more info use commands: report_potentially_constant_registers  and report_init_toggle_objects
Status:  Matching...
    
*********************************** Matching Results ***********************************    
 85 Compare points matched by name    
 570 Compare points matched by signature analysis    
 0 Compare points matched by topology    
 71 Matched primary inputs, black-box outputs    
 12(43) Unmatched reference(implementation) compare points    
 0(0) Unmatched reference(implementation) primary inputs, black-box outputs    
 98(706) Unmatched reference(implementation) unread points    
----------------------------------------------------------------------------------------    
Unmatched Objects                                                        REF        IMPL    
----------------------------------------------------------------------------------------    
 Registers                                                                12          43    
   DFF                                                                    12           2    
   Transparent LAT                                                         0          31    
   Constant 0                                                              0          10    
****************************************************************************************

    Info:  Formality Guide Files (SVF) can improve matching performance and success by automating setup.
Status:  Verifying...
    Info:  Unrolled Combinational Loop(s) in Reference design.
    Info:  Unrolled Combinational Loop(s) in Implementation design.
    Compare point out_reg[10] failed (is not equivalent)
    Compare point out_reg[11] failed (is not equivalent)
    Compare point out_reg[14] failed (is not equivalent)
    Compare point out_reg[15] failed (is not equivalent)
    Compare point out_reg[16] failed (is not equivalent)
    Compare point out_reg[17] failed (is not equivalent)
    Compare point out_reg[19] failed (is not equivalent)
    Compare point out_reg[20] failed (is not equivalent)
    Compare point out_reg[21] failed (is not equivalent)
    Compare point out_reg[22] failed (is not equivalent)
    Compare point out_reg[23] failed (is not equivalent)
    Compare point out_reg[24] failed (is not equivalent)
    Compare point out_reg[25] failed (is not equivalent)
    Compare point out_reg[3] failed (is not equivalent)
    Compare point out_reg[5] failed (is not equivalent)
    Compare point out_reg[7] failed (is not equivalent)
    Compare point out_reg[8] failed (is not equivalent)
    Compare point out_reg[9] failed (is not equivalent)
    Compare point out_reg[0] failed (is not equivalent)
    Compare point out_reg[12] failed (is not equivalent)
    Compare point out_reg[13] failed (is not equivalent)
    Compare point out_reg[18] failed (is not equivalent)
    Compare point out_reg[1] failed (is not equivalent)
    Compare point out_reg[27] failed (is not equivalent)
    Compare point out_reg[28] failed (is not equivalent)
    Compare point out_reg[29] failed (is not equivalent)
    Compare point out_reg[2] failed (is not equivalent)
    Compare point out_reg[4] failed (is not equivalent)
    Compare point out_reg[6] failed (is not equivalent)
    Compare point out_reg[30] failed (is not equivalent)
    Compare point fpu___u_divider___dividend_t2_r_reg[26] failed (is not equivalent)
    Compare point fpu___u_divider___dividend_t2_r_reg[29] failed (is not equivalent)
    Compare point fpu___u_divider___dividend_t2_r_reg[30] failed (is not equivalent)
    Compare point fpu___u_divider___dividend_t2_r_reg[31] failed (is not equivalent)
    Compare point fpu___u_divider___dividend_t2_r_reg[32] failed (is not equivalent)
    Compare point fpu___u_divider___remainder_t2_r_reg[9] failed (is not equivalent)
    Compare point fpu___u_divider___remainder_t2_r_reg[7] failed (is not equivalent)
    Compare point fpu___u_divider___remainder_t2_r_reg[6] failed (is not equivalent)
    Compare point fpu___u_divider___remainder_t2_r_reg[5] failed (is not equivalent)
    Compare point fpu___u_divider___remainder_t2_r_reg[1] failed (is not equivalent)
    Compare point fpu___u_divider___remainder_t2_r_reg[13] failed (is not equivalent)
    Compare point fpu___u_divider___remainder_t2_r_reg[12] failed (is not equivalent)
    Compare point fpu___u_divider___remainder_t2_r_reg[10] failed (is not equivalent)
    Compare point fpu___u_divider___remainder_t2_r_reg[0] failed (is not equivalent)
    Compare point fpu___u_divider___remainder_t2_r_reg[15] failed (is not equivalent)
    Compare point fpu___u_divider___remainder_t2_r_reg[16] failed (is not equivalent)
    Compare point fpu___u_divider___merchant_t2_r_reg[1] failed (is not equivalent)
    Compare point fpu___u_divider___dividend_t2_r_reg[27] failed (is not equivalent)
    Compare point fpu___u_divider___remainder_t2_r_reg[3] failed (is not equivalent)
    Compare point fpu___u_divider___dividend_t2_r_reg[28] failed (is not equivalent)
    Compare point fpu___u_divider___remainder_t2_r_reg[11] failed (is not equivalent)
    Compare point fpu___u_divider___remainder_t2_r_reg[2] failed (is not equivalent)
    Compare point fpu___u_divider___remainder_t2_r_reg[8] failed (is not equivalent)
    Compare point fpu___u_divider___remainder_t2_r_reg[14] failed (is not equivalent)
    Compare point fpu___u_divider___remainder_t2_r_reg[4] failed (is not equivalent)
    Compare point fpu___u_divider___merchant_t2_r_reg[0] failed (is not equivalent)
    Compare point fpu___u_divider___merchant_t2_r_reg[2] failed (is not equivalent)
    Compare point fpu___u_divider___merchant_t2_r_reg[4] failed (is not equivalent)
    Compare point fpu___u_divider___merchant_t2_r_reg[5] failed (is not equivalent)
    Compare point fpu___u_divider___merchant_t2_r_reg[6] failed (is not equivalent)
    Compare point fpu___u_divider___merchant_t2_r_reg[3] failed (is not equivalent)
    Compare point fpu___u_divider___merchant_t2_r_reg[8] failed (is not equivalent)
    Compare point fpu___u_divider___merchant_t2_r_reg[9] failed (is not equivalent)
    Compare point fpu___u_divider___merchant_t2_r_reg[10] failed (is not equivalent)
    Compare point fpu___u_divider___merchant_t2_r_reg[11] failed (is not equivalent)
    Compare point fpu___u_divider___merchant_t2_r_reg[12] failed (is not equivalent)
    Compare point fpu___u_divider___merchant_t2_r_reg[13] failed (is not equivalent)
    Compare point fpu___u_divider___merchant_t2_r_reg[14] failed (is not equivalent)
    Compare point out_reg[26] failed (is not equivalent)
    Compare point ine_reg failed (is not equivalent)
    Compare point overflow_reg failed (is not equivalent)
    Compare point inf_reg failed (is not equivalent)
    Compare point zero_reg failed (is not equivalent)
    Compare point underflow_reg failed (is not equivalent)
    Compare point fpu___u_divider___merchant_t2_r_reg[16] failed (is not equivalent)
    Compare point fpu___u_divider___merchant_t2_r_reg[15] failed (is not equivalent)
    Compare point out_reg[31] failed (is not equivalent)

************ RTL Interpretation Summary ************
************ Reference:      r:/WORK/fpu
full_case ignored (7 total, 1 with unspecified cases)
************ Implementation: i:/WORK/fpu
71 FMR_ELAB-034 messages produced   

Please refer to the Formality log file for more details,
or execute report_hdlin_mismatches.
****************************************************


********************************* Verification Results *********************************
Verification FAILED
   ATTENTION: RTL interpretation messages were produced during link
              of implementation design.
              Verification results may disagree with a logic simulator.
-----------------------------------------------------------------------
 Reference design: r:/WORK/fpu
 Implementation design: i:/WORK/fpu
 578 Passing compare points
 77 Failing compare points (77 matched, 0 unmatched)
 0 Aborted compare points
 0 Unverified compare points
----------------------------------------------------------------------------------------
Matched Compare Points     BBPin    Loop   BBNet     Cut    Port     DFF     LAT   TOTAL
----------------------------------------------------------------------------------------
Passing (equivalent)           0       0       0       0      42     535       1     578
Failing (not equivalent)       0       0       0       0       0      77       0      77
Not Compared
  Constant reg                                                        44       0      44
****************************************************************************************
Info:  Try the analyze_points command to see if Formality can determine potential
causes, or suggest next steps for a FAILED or INCONCLUSIVE verification.
See the man page for analyze_points usage and options.
Info:  Formality Guide Files (SVF) can improve verification success by automating setup.
0
exit

Maximum memory usage for this session: 927 MB
CPU usage for this session: 26.82 seconds ( 0.01 hours )
Current time: Thu Sep 11 00:33:30 2025
Elapsed time: 27 seconds ( 0.01 hours )

Thank you for using Formality (R)!
Sender: LSF System <lsfadmin@cpu08>
Subject: Job 689784: <fm_shell -f verify.fms> in cluster <myCluster> Done

Job <fm_shell -f verify.fms> was submitted from host <vm_yangdilyu> by user <connect.zzheng989> in cluster <myCluster> at Thu Sep 11 00:34:45 2025
Job was executed on host(s) <5*cpu08>, in queue <normal>, as user <connect.zzheng989> in cluster <myCluster> at Thu Sep 11 00:34:46 2025
                            <27*cpu07>
</hpc/home/connect.zzheng989> was used as the home directory.
</hpc/home/connect.zzheng989/researchlib/VeriFlatten/eq_check/fpu> was used as the working directory.
Started at Thu Sep 11 00:34:46 2025
Terminated at Thu Sep 11 00:35:12 2025
Results reported at Thu Sep 11 00:35:12 2025

Your job looked like:

------------------------------------------------------------
# LSBATCH: User input
fm_shell -f verify.fms
------------------------------------------------------------

Successfully completed.

Resource usage summary:

    CPU time :                                   24.39 sec.
    Max Memory :                                 290 MB
    Average Memory :                             252.83 MB
    Total Requested Memory :                     -
    Delta Memory :                               -
    Max Swap :                                   -
    Max Processes :                              4
    Max Threads :                                5
    Run time :                                   32 sec.
    Turnaround time :                            27 sec.

The output (if any) follows:


                                 Formality (R)

                 Version V-2023.12 for linux64 - Nov 16, 2023 

                    Copyright (c) 1988 - 2023 Synopsys, Inc.
   This software and the associated documentation are proprietary to Synopsys,
 Inc. This software may only be used in accordance with the terms and conditions
 of a written license agreement with Synopsys, Inc. All other use, reproduction,
   or distribution of this software is strictly prohibited.  Licensed Products
     communicate with Synopsys servers for the purpose of providing software
    updates, detecting software piracy and verifying that customers are using
    Licensed Products in conformity with the applicable License Key for such
  Licensed Products. Synopsys will use information gathered in connection with
    this process to deliver software updates and pursue software pirates and
                                   infringers.

 Inclusivity & Diversity - Visit SolvNetPlus to read the "Synopsys Statement on
            Inclusivity and Diversity" (Refer to article 000036315 at
                        https://solvnetplus.synopsys.com)

Build: 8560677
Hostname: cpu08
Current time: Thu Sep 11 00:34:47 2025

Loading db file '/hpc2ssd/Edatools/synopsys/formality/V-2023.12/libraries/syn/gtech.db'

Script: verify.fms

set_mismatch_message_filter -warn FMR_ELAB-147
1
set_mismatch_message_filter -warn FMR_VLOG-038
Info:  'FMR_VLOG-038' is not a permitted message identifier.
0
set hdlin_error_on_mismatch_message false
Info:  Use of 'hdlin_error_on_mismatch_message' is deprecated,  using 'set_mismatch_message_filter -warn' instead.
false
set verification_failing_point_limit 0
0
read_sverilog -r -17 except.v
No target library specified, default is WORK
Loading verilog file '/hpc/home/connect.zzheng989/researchlib/VeriFlatten/eq_check/fpu/except.v'
Current container set to 'r'
1
read_sverilog -r -17 fpu.v
No target library specified, default is WORK
Loading verilog file '/hpc/home/connect.zzheng989/researchlib/VeriFlatten/eq_check/fpu/fpu.v'
1
read_sverilog -r -17 post_norm.v
No target library specified, default is WORK
Loading verilog file '/hpc/home/connect.zzheng989/researchlib/VeriFlatten/eq_check/fpu/post_norm.v'
1
read_sverilog -r -17 pre_norm_fmul.v
No target library specified, default is WORK
Loading verilog file '/hpc/home/connect.zzheng989/researchlib/VeriFlatten/eq_check/fpu/pre_norm_fmul.v'
1
read_sverilog -r -17 pre_norm.v
No target library specified, default is WORK
Loading verilog file '/hpc/home/connect.zzheng989/researchlib/VeriFlatten/eq_check/fpu/pre_norm.v'
1
read_sverilog -r -17 primitives.v
No target library specified, default is WORK
Loading verilog file '/hpc/home/connect.zzheng989/researchlib/VeriFlatten/eq_check/fpu/primitives.v'
1
current_design fpu
r:/WORK/fpu
set_top fpu
Setting top design to 'r:/WORK/fpu'
Status:   Elaborating design fpu   ...  
Status:   Elaborating design except   ...  
Status:   Elaborating design pre_norm   ...  
Status:   Elaborating design pre_norm_fmul   ...  
Status:   Elaborating design add_sub27   ...  
Status:   Elaborating design mul_r2   ...  
Status:   Elaborating design divider_man  N=50, M=24 ...  
Information: Created design named 'divider_man_N50_M24'. (FE-LINK-13)
Warning: Width mismatch on instance '/WORK/fpu/u_divider' of design '/WORK/divider_man_N50_M24' for port 'remainder'. (FE-LINK-21)
Status:   Elaborating design divider_cell  N=73, M=24 ...  
Information: Created design named 'divider_cell_N73_M24'. (FE-LINK-13)
Status:   Elaborating design post_norm   ...  
Status:  Implementing inferred operators...
Top design set to 'r:/WORK/fpu' with warnings

************ RTL Interpretation Summary ************
************ Design: r:/WORK/fpu
full_case ignored (7 total, 1 with unspecified cases)

Please refer to the Formality log file for more details,
or execute report_hdlin_mismatches.
****************************************************

Reference design set to 'r:/WORK/fpu'
1
read_sverilog -i -17 f_fpu.v
No target library specified, default is WORK
Loading verilog file '/hpc/home/connect.zzheng989/researchlib/VeriFlatten/eq_check/fpu/f_fpu.v'
Current container set to 'i'
1
set_top fpu
Setting top design to 'i:/WORK/fpu'
Status:   Elaborating design fpu   ...  
Warning: Comparison with unknown, don't care or tristate will always be false, may cause simulation and synthesis mismatch. (Signal: <unknown> Block: /fpu File: /hpc/home/connect.zzheng989/researchlib/VeriFlatten/eq_check/fpu/f_fpu.v Line: 1397)  (FMR_ELAB-034)
Warning: Comparison with unknown, don't care or tristate will always be false, may cause simulation and synthesis mismatch. (Signal: <unknown> Block: /fpu File: /hpc/home/connect.zzheng989/researchlib/VeriFlatten/eq_check/fpu/f_fpu.v Line: 1400)  (FMR_ELAB-034)
Warning: Comparison with unknown, don't care or tristate will always be false, may cause simulation and synthesis mismatch. (Signal: <unknown> Block: /fpu File: /hpc/home/connect.zzheng989/researchlib/VeriFlatten/eq_check/fpu/f_fpu.v Line: 1403)  (FMR_ELAB-034)
Warning: Comparison with unknown, don't care or tristate will always be false, may cause simulation and synthesis mismatch. (Signal: <unknown> Block: /fpu File: /hpc/home/connect.zzheng989/researchlib/VeriFlatten/eq_check/fpu/f_fpu.v Line: 1406)  (FMR_ELAB-034)
Warning: Comparison with unknown, don't care or tristate will always be false, may cause simulation and synthesis mismatch. (Signal: <unknown> Block: /fpu File: /hpc/home/connect.zzheng989/researchlib/VeriFlatten/eq_check/fpu/f_fpu.v Line: 1409)  (FMR_ELAB-034)
Warning: Comparison with unknown, don't care or tristate will always be false, may cause simulation and synthesis mismatch. (Signal: <unknown> Block: /fpu File: /hpc/home/connect.zzheng989/researchlib/VeriFlatten/eq_check/fpu/f_fpu.v Line: 1412)  (FMR_ELAB-034)
Warning: Comparison with unknown, don't care or tristate will always be false, may cause simulation and synthesis mismatch. (Signal: <unknown> Block: /fpu File: /hpc/home/connect.zzheng989/researchlib/VeriFlatten/eq_check/fpu/f_fpu.v Line: 1415)  (FMR_ELAB-034)
Warning: Comparison with unknown, don't care or tristate will always be false, may cause simulation and synthesis mismatch. (Signal: <unknown> Block: /fpu File: /hpc/home/connect.zzheng989/researchlib/VeriFlatten/eq_check/fpu/f_fpu.v Line: 1418)  (FMR_ELAB-034)
Warning: Comparison with unknown, don't care or tristate will always be false, may cause simulation and synthesis mismatch. (Signal: <unknown> Block: /fpu File: /hpc/home/connect.zzheng989/researchlib/VeriFlatten/eq_check/fpu/f_fpu.v Line: 1421)  (FMR_ELAB-034)
Warning: Comparison with unknown, don't care or tristate will always be false, may cause simulation and synthesis mismatch. (Signal: <unknown> Block: /fpu File: /hpc/home/connect.zzheng989/researchlib/VeriFlatten/eq_check/fpu/f_fpu.v Line: 1424)  (FMR_ELAB-034)
Warning: Comparison with unknown, don't care or tristate will always be false, may cause simulation and synthesis mismatch. (Signal: <unknown> Block: /fpu File: /hpc/home/connect.zzheng989/researchlib/VeriFlatten/eq_check/fpu/f_fpu.v Line: 1427)  (FMR_ELAB-034)
Warning: Comparison with unknown, don't care or tristate will always be false, may cause simulation and synthesis mismatch. (Signal: <unknown> Block: /fpu File: /hpc/home/connect.zzheng989/researchlib/VeriFlatten/eq_check/fpu/f_fpu.v Line: 1430)  (FMR_ELAB-034)
Warning: Comparison with unknown, don't care or tristate will always be false, may cause simulation and synthesis mismatch. (Signal: <unknown> Block: /fpu File: /hpc/home/connect.zzheng989/researchlib/VeriFlatten/eq_check/fpu/f_fpu.v Line: 1433)  (FMR_ELAB-034)
Warning: Comparison with unknown, don't care or tristate will always be false, may cause simulation and synthesis mismatch. (Signal: <unknown> Block: /fpu File: /hpc/home/connect.zzheng989/researchlib/VeriFlatten/eq_check/fpu/f_fpu.v Line: 1436)  (FMR_ELAB-034)
Warning: Comparison with unknown, don't care or tristate will always be false, may cause simulation and synthesis mismatch. (Signal: <unknown> Block: /fpu File: /hpc/home/connect.zzheng989/researchlib/VeriFlatten/eq_check/fpu/f_fpu.v Line: 1439)  (FMR_ELAB-034)
Warning: Comparison with unknown, don't care or tristate will always be false, may cause simulation and synthesis mismatch. (Signal: <unknown> Block: /fpu File: /hpc/home/connect.zzheng989/researchlib/VeriFlatten/eq_check/fpu/f_fpu.v Line: 1442)  (FMR_ELAB-034)
Warning: Comparison with unknown, don't care or tristate will always be false, may cause simulation and synthesis mismatch. (Signal: <unknown> Block: /fpu File: /hpc/home/connect.zzheng989/researchlib/VeriFlatten/eq_check/fpu/f_fpu.v Line: 1445)  (FMR_ELAB-034)
Warning: Comparison with unknown, don't care or tristate will always be false, may cause simulation and synthesis mismatch. (Signal: <unknown> Block: /fpu File: /hpc/home/connect.zzheng989/researchlib/VeriFlatten/eq_check/fpu/f_fpu.v Line: 1448)  (FMR_ELAB-034)
Warning: Comparison with unknown, don't care or tristate will always be false, may cause simulation and synthesis mismatch. (Signal: <unknown> Block: /fpu File: /hpc/home/connect.zzheng989/researchlib/VeriFlatten/eq_check/fpu/f_fpu.v Line: 1451)  (FMR_ELAB-034)
Warning: Comparison with unknown, don't care or tristate will always be false, may cause simulation and synthesis mismatch. (Signal: <unknown> Block: /fpu File: /hpc/home/connect.zzheng989/researchlib/VeriFlatten/eq_check/fpu/f_fpu.v Line: 1454)  (FMR_ELAB-034)
Warning: Comparison with unknown, don't care or tristate will always be false, may cause simulation and synthesis mismatch. (Signal: <unknown> Block: /fpu File: /hpc/home/connect.zzheng989/researchlib/VeriFlatten/eq_check/fpu/f_fpu.v Line: 1457)  (FMR_ELAB-034)
Warning: Comparison with unknown, don't care or tristate will always be false, may cause simulation and synthesis mismatch. (Signal: <unknown> Block: /fpu File: /hpc/home/connect.zzheng989/researchlib/VeriFlatten/eq_check/fpu/f_fpu.v Line: 1460)  (FMR_ELAB-034)
Warning: Comparison with unknown, don't care or tristate will always be false, may cause simulation and synthesis mismatch. (Signal: <unknown> Block: /fpu File: /hpc/home/connect.zzheng989/researchlib/VeriFlatten/eq_check/fpu/f_fpu.v Line: 1463)  (FMR_ELAB-034)
Warning: Comparison with unknown, don't care or tristate will always be false, may cause simulation and synthesis mismatch. (Signal: <unknown> Block: /fpu File: /hpc/home/connect.zzheng989/researchlib/VeriFlatten/eq_check/fpu/f_fpu.v Line: 2366)  (FMR_ELAB-034)
Warning: Comparison with unknown, don't care or tristate will always be false, may cause simulation and synthesis mismatch. (Signal: <unknown> Block: /fpu File: /hpc/home/connect.zzheng989/researchlib/VeriFlatten/eq_check/fpu/f_fpu.v Line: 2369)  (FMR_ELAB-034)
Warning: Comparison with unknown, don't care or tristate will always be false, may cause simulation and synthesis mismatch. (Signal: <unknown> Block: /fpu File: /hpc/home/connect.zzheng989/researchlib/VeriFlatten/eq_check/fpu/f_fpu.v Line: 2372)  (FMR_ELAB-034)
Warning: Comparison with unknown, don't care or tristate will always be false, may cause simulation and synthesis mismatch. (Signal: <unknown> Block: /fpu File: /hpc/home/connect.zzheng989/researchlib/VeriFlatten/eq_check/fpu/f_fpu.v Line: 2375)  (FMR_ELAB-034)
Warning: Comparison with unknown, don't care or tristate will always be false, may cause simulation and synthesis mismatch. (Signal: <unknown> Block: /fpu File: /hpc/home/connect.zzheng989/researchlib/VeriFlatten/eq_check/fpu/f_fpu.v Line: 2378)  (FMR_ELAB-034)
Warning: Comparison with unknown, don't care or tristate will always be false, may cause simulation and synthesis mismatch. (Signal: <unknown> Block: /fpu File: /hpc/home/connect.zzheng989/researchlib/VeriFlatten/eq_check/fpu/f_fpu.v Line: 2381)  (FMR_ELAB-034)
Warning: Comparison with unknown, don't care or tristate will always be false, may cause simulation and synthesis mismatch. (Signal: <unknown> Block: /fpu File: /hpc/home/connect.zzheng989/researchlib/VeriFlatten/eq_check/fpu/f_fpu.v Line: 2384)  (FMR_ELAB-034)
Warning: Comparison with unknown, don't care or tristate will always be false, may cause simulation and synthesis mismatch. (Signal: <unknown> Block: /fpu File: /hpc/home/connect.zzheng989/researchlib/VeriFlatten/eq_check/fpu/f_fpu.v Line: 2387)  (FMR_ELAB-034)
Warning: Comparison with unknown, don't care or tristate will always be false, may cause simulation and synthesis mismatch. (Signal: <unknown> Block: /fpu File: /hpc/home/connect.zzheng989/researchlib/VeriFlatten/eq_check/fpu/f_fpu.v Line: 2390)  (FMR_ELAB-034)
Warning: Comparison with unknown, don't care or tristate will always be false, may cause simulation and synthesis mismatch. (Signal: <unknown> Block: /fpu File: /hpc/home/connect.zzheng989/researchlib/VeriFlatten/eq_check/fpu/f_fpu.v Line: 2393)  (FMR_ELAB-034)
Warning: Comparison with unknown, don't care or tristate will always be false, may cause simulation and synthesis mismatch. (Signal: <unknown> Block: /fpu File: /hpc/home/connect.zzheng989/researchlib/VeriFlatten/eq_check/fpu/f_fpu.v Line: 2396)  (FMR_ELAB-034)
Warning: Comparison with unknown, don't care or tristate will always be false, may cause simulation and synthesis mismatch. (Signal: <unknown> Block: /fpu File: /hpc/home/connect.zzheng989/researchlib/VeriFlatten/eq_check/fpu/f_fpu.v Line: 2399)  (FMR_ELAB-034)
Warning: Comparison with unknown, don't care or tristate will always be false, may cause simulation and synthesis mismatch. (Signal: <unknown> Block: /fpu File: /hpc/home/connect.zzheng989/researchlib/VeriFlatten/eq_check/fpu/f_fpu.v Line: 2402)  (FMR_ELAB-034)
Warning: Comparison with unknown, don't care or tristate will always be false, may cause simulation and synthesis mismatch. (Signal: <unknown> Block: /fpu File: /hpc/home/connect.zzheng989/researchlib/VeriFlatten/eq_check/fpu/f_fpu.v Line: 2405)  (FMR_ELAB-034)
Warning: Comparison with unknown, don't care or tristate will always be false, may cause simulation and synthesis mismatch. (Signal: <unknown> Block: /fpu File: /hpc/home/connect.zzheng989/researchlib/VeriFlatten/eq_check/fpu/f_fpu.v Line: 2408)  (FMR_ELAB-034)
Warning: Comparison with unknown, don't care or tristate will always be false, may cause simulation and synthesis mismatch. (Signal: <unknown> Block: /fpu File: /hpc/home/connect.zzheng989/researchlib/VeriFlatten/eq_check/fpu/f_fpu.v Line: 2411)  (FMR_ELAB-034)
Warning: Comparison with unknown, don't care or tristate will always be false, may cause simulation and synthesis mismatch. (Signal: <unknown> Block: /fpu File: /hpc/home/connect.zzheng989/researchlib/VeriFlatten/eq_check/fpu/f_fpu.v Line: 2414)  (FMR_ELAB-034)
Warning: Comparison with unknown, don't care or tristate will always be false, may cause simulation and synthesis mismatch. (Signal: <unknown> Block: /fpu File: /hpc/home/connect.zzheng989/researchlib/VeriFlatten/eq_check/fpu/f_fpu.v Line: 2417)  (FMR_ELAB-034)
Warning: Comparison with unknown, don't care or tristate will always be false, may cause simulation and synthesis mismatch. (Signal: <unknown> Block: /fpu File: /hpc/home/connect.zzheng989/researchlib/VeriFlatten/eq_check/fpu/f_fpu.v Line: 2420)  (FMR_ELAB-034)
Warning: Comparison with unknown, don't care or tristate will always be false, may cause simulation and synthesis mismatch. (Signal: <unknown> Block: /fpu File: /hpc/home/connect.zzheng989/researchlib/VeriFlatten/eq_check/fpu/f_fpu.v Line: 2423)  (FMR_ELAB-034)
Warning: Comparison with unknown, don't care or tristate will always be false, may cause simulation and synthesis mismatch. (Signal: <unknown> Block: /fpu File: /hpc/home/connect.zzheng989/researchlib/VeriFlatten/eq_check/fpu/f_fpu.v Line: 2426)  (FMR_ELAB-034)
Warning: Comparison with unknown, don't care or tristate will always be false, may cause simulation and synthesis mismatch. (Signal: <unknown> Block: /fpu File: /hpc/home/connect.zzheng989/researchlib/VeriFlatten/eq_check/fpu/f_fpu.v Line: 2429)  (FMR_ELAB-034)
Warning: Comparison with unknown, don't care or tristate will always be false, may cause simulation and synthesis mismatch. (Signal: <unknown> Block: /fpu File: /hpc/home/connect.zzheng989/researchlib/VeriFlatten/eq_check/fpu/f_fpu.v Line: 2432)  (FMR_ELAB-034)
Warning: Comparison with unknown, don't care or tristate will always be false, may cause simulation and synthesis mismatch. (Signal: <unknown> Block: /fpu File: /hpc/home/connect.zzheng989/researchlib/VeriFlatten/eq_check/fpu/f_fpu.v Line: 2435)  (FMR_ELAB-034)
Warning: Comparison with unknown, don't care or tristate will always be false, may cause simulation and synthesis mismatch. (Signal: <unknown> Block: /fpu File: /hpc/home/connect.zzheng989/researchlib/VeriFlatten/eq_check/fpu/f_fpu.v Line: 2438)  (FMR_ELAB-034)
Warning: Comparison with unknown, don't care or tristate will always be false, may cause simulation and synthesis mismatch. (Signal: <unknown> Block: /fpu File: /hpc/home/connect.zzheng989/researchlib/VeriFlatten/eq_check/fpu/f_fpu.v Line: 2441)  (FMR_ELAB-034)
Warning: Comparison with unknown, don't care or tristate will always be false, may cause simulation and synthesis mismatch. (Signal: <unknown> Block: /fpu File: /hpc/home/connect.zzheng989/researchlib/VeriFlatten/eq_check/fpu/f_fpu.v Line: 2444)  (FMR_ELAB-034)
Warning: Comparison with unknown, don't care or tristate will always be false, may cause simulation and synthesis mismatch. (Signal: <unknown> Block: /fpu File: /hpc/home/connect.zzheng989/researchlib/VeriFlatten/eq_check/fpu/f_fpu.v Line: 2447)  (FMR_ELAB-034)
Warning: Comparison with unknown, don't care or tristate will always be false, may cause simulation and synthesis mismatch. (Signal: <unknown> Block: /fpu File: /hpc/home/connect.zzheng989/researchlib/VeriFlatten/eq_check/fpu/f_fpu.v Line: 2450)  (FMR_ELAB-034)
Warning: Comparison with unknown, don't care or tristate will always be false, may cause simulation and synthesis mismatch. (Signal: <unknown> Block: /fpu File: /hpc/home/connect.zzheng989/researchlib/VeriFlatten/eq_check/fpu/f_fpu.v Line: 2453)  (FMR_ELAB-034)
Warning: Comparison with unknown, don't care or tristate will always be false, may cause simulation and synthesis mismatch. (Signal: <unknown> Block: /fpu File: /hpc/home/connect.zzheng989/researchlib/VeriFlatten/eq_check/fpu/f_fpu.v Line: 2456)  (FMR_ELAB-034)
Warning: Comparison with unknown, don't care or tristate will always be false, may cause simulation and synthesis mismatch. (Signal: <unknown> Block: /fpu File: /hpc/home/connect.zzheng989/researchlib/VeriFlatten/eq_check/fpu/f_fpu.v Line: 2459)  (FMR_ELAB-034)
Warning: Comparison with unknown, don't care or tristate will always be false, may cause simulation and synthesis mismatch. (Signal: <unknown> Block: /fpu File: /hpc/home/connect.zzheng989/researchlib/VeriFlatten/eq_check/fpu/f_fpu.v Line: 2462)  (FMR_ELAB-034)
Warning: Comparison with unknown, don't care or tristate will always be false, may cause simulation and synthesis mismatch. (Signal: <unknown> Block: /fpu File: /hpc/home/connect.zzheng989/researchlib/VeriFlatten/eq_check/fpu/f_fpu.v Line: 2465)  (FMR_ELAB-034)
Warning: Comparison with unknown, don't care or tristate will always be false, may cause simulation and synthesis mismatch. (Signal: <unknown> Block: /fpu File: /hpc/home/connect.zzheng989/researchlib/VeriFlatten/eq_check/fpu/f_fpu.v Line: 2468)  (FMR_ELAB-034)
Warning: Comparison with unknown, don't care or tristate will always be false, may cause simulation and synthesis mismatch. (Signal: <unknown> Block: /fpu File: /hpc/home/connect.zzheng989/researchlib/VeriFlatten/eq_check/fpu/f_fpu.v Line: 2471)  (FMR_ELAB-034)
Warning: Comparison with unknown, don't care or tristate will always be false, may cause simulation and synthesis mismatch. (Signal: <unknown> Block: /fpu File: /hpc/home/connect.zzheng989/researchlib/VeriFlatten/eq_check/fpu/f_fpu.v Line: 2474)  (FMR_ELAB-034)
Warning: Comparison with unknown, don't care or tristate will always be false, may cause simulation and synthesis mismatch. (Signal: <unknown> Block: /fpu File: /hpc/home/connect.zzheng989/researchlib/VeriFlatten/eq_check/fpu/f_fpu.v Line: 2477)  (FMR_ELAB-034)
Warning: Comparison with unknown, don't care or tristate will always be false, may cause simulation and synthesis mismatch. (Signal: <unknown> Block: /fpu File: /hpc/home/connect.zzheng989/researchlib/VeriFlatten/eq_check/fpu/f_fpu.v Line: 2480)  (FMR_ELAB-034)
Warning: Comparison with unknown, don't care or tristate will always be false, may cause simulation and synthesis mismatch. (Signal: <unknown> Block: /fpu File: /hpc/home/connect.zzheng989/researchlib/VeriFlatten/eq_check/fpu/f_fpu.v Line: 2483)  (FMR_ELAB-034)
Warning: Comparison with unknown, don't care or tristate will always be false, may cause simulation and synthesis mismatch. (Signal: <unknown> Block: /fpu File: /hpc/home/connect.zzheng989/researchlib/VeriFlatten/eq_check/fpu/f_fpu.v Line: 2486)  (FMR_ELAB-034)
Warning: Comparison with unknown, don't care or tristate will always be false, may cause simulation and synthesis mismatch. (Signal: <unknown> Block: /fpu File: /hpc/home/connect.zzheng989/researchlib/VeriFlatten/eq_check/fpu/f_fpu.v Line: 2489)  (FMR_ELAB-034)
Warning: Comparison with unknown, don't care or tristate will always be false, may cause simulation and synthesis mismatch. (Signal: <unknown> Block: /fpu File: /hpc/home/connect.zzheng989/researchlib/VeriFlatten/eq_check/fpu/f_fpu.v Line: 2492)  (FMR_ELAB-034)
Warning: Comparison with unknown, don't care or tristate will always be false, may cause simulation and synthesis mismatch. (Signal: <unknown> Block: /fpu File: /hpc/home/connect.zzheng989/researchlib/VeriFlatten/eq_check/fpu/f_fpu.v Line: 2495)  (FMR_ELAB-034)
Warning: Comparison with unknown, don't care or tristate will always be false, may cause simulation and synthesis mismatch. (Signal: <unknown> Block: /fpu File: /hpc/home/connect.zzheng989/researchlib/VeriFlatten/eq_check/fpu/f_fpu.v Line: 2498)  (FMR_ELAB-034)
Warning: Comparison with unknown, don't care or tristate will always be false, may cause simulation and synthesis mismatch. (Signal: <unknown> Block: /fpu File: /hpc/home/connect.zzheng989/researchlib/VeriFlatten/eq_check/fpu/f_fpu.v Line: 2501)  (FMR_ELAB-034)
Warning: Comparison with unknown, don't care or tristate will always be false, may cause simulation and synthesis mismatch. (Signal: <unknown> Block: /fpu File: /hpc/home/connect.zzheng989/researchlib/VeriFlatten/eq_check/fpu/f_fpu.v Line: 2504)  (FMR_ELAB-034)
Warning: Comparison with unknown, don't care or tristate will always be false, may cause simulation and synthesis mismatch. (Signal: <unknown> Block: /fpu File: /hpc/home/connect.zzheng989/researchlib/VeriFlatten/eq_check/fpu/f_fpu.v Line: 2507)  (FMR_ELAB-034)
Status:  Implementing inferred operators...
Top design set to 'i:/WORK/fpu' with warnings
   ATTENTION: RTL interpretation messages were produced during link.
              Verification results may disagree with a logic simulator.

************ RTL Interpretation Summary ************
************ Design: i:/WORK/fpu
71 FMR_ELAB-034 messages produced   

Please refer to the Formality log file for more details,
or execute report_hdlin_mismatches.
****************************************************

Implementation design set to 'i:/WORK/fpu'
1
current_design fpu
i:/WORK/fpu
verify -restart
Reference design is 'r:/WORK/fpu'
Implementation design is 'i:/WORK/fpu'
Status:  Checking designs...
    Warning: 26 (11) undriven nets found in reference (implementation) design; see formality.log for list (FM-399)
Status:  Building verification models...
    Info:  Constant registers have been identified that were initialized by some objects that were assumed to toggle.
           For more info use commands: report_potentially_constant_registers  and report_init_toggle_objects
Status:  Matching...
    
*********************************** Matching Results ***********************************    
 83 Compare points matched by name    
 367 Compare points matched by signature analysis    
 217 Compare points matched by topology    
 71 Matched primary inputs, black-box outputs    
 26(31) Unmatched reference(implementation) compare points    
 0(0) Unmatched reference(implementation) primary inputs, black-box outputs    
 98(706) Unmatched reference(implementation) unread points    
----------------------------------------------------------------------------------------    
Unmatched Objects                                                        REF        IMPL    
----------------------------------------------------------------------------------------    
 Cut-points (Cut)                                                         26           0    
 Registers                                                                 0          31    
   Transparent LAT                                                         0          31    
****************************************************************************************

    Info:  Formality Guide Files (SVF) can improve matching performance and success by automating setup.
Status:  Verifying...
    Info:  Unrolled Combinational Loop(s) in Reference design.
    Info:  Unrolled Combinational Loop(s) in Implementation design.
    Compare point ine_reg failed (is not equivalent)
    Compare point out_reg[0] failed (is not equivalent)
    Compare point out_reg[10] failed (is not equivalent)
    Compare point out_reg[11] failed (is not equivalent)
    Compare point out_reg[12] failed (is not equivalent)
    Compare point out_reg[13] failed (is not equivalent)
    Compare point out_reg[14] failed (is not equivalent)
    Compare point out_reg[15] failed (is not equivalent)
    Compare point out_reg[16] failed (is not equivalent)
    Compare point out_reg[17] failed (is not equivalent)
    Compare point out_reg[18] failed (is not equivalent)
    Compare point out_reg[19] failed (is not equivalent)
    Compare point out_reg[1] failed (is not equivalent)
    Compare point out_reg[20] failed (is not equivalent)
    Compare point out_reg[21] failed (is not equivalent)
    Compare point out_reg[22] failed (is not equivalent)
    Compare point out_reg[23] failed (is not equivalent)
    Compare point out_reg[24] failed (is not equivalent)
    Compare point out_reg[25] failed (is not equivalent)
    Compare point out_reg[26] failed (is not equivalent)
    Compare point out_reg[27] failed (is not equivalent)
    Compare point out_reg[28] failed (is not equivalent)
    Compare point out_reg[29] failed (is not equivalent)
    Compare point out_reg[2] failed (is not equivalent)
    Compare point out_reg[30] failed (is not equivalent)
    Compare point out_reg[31] failed (is not equivalent)
    Compare point out_reg[3] failed (is not equivalent)
    Compare point out_reg[4] failed (is not equivalent)
    Compare point out_reg[5] failed (is not equivalent)
    Compare point out_reg[6] failed (is not equivalent)
    Compare point out_reg[7] failed (is not equivalent)
    Compare point out_reg[8] failed (is not equivalent)
    Compare point out_reg[9] failed (is not equivalent)
    Compare point zero_reg failed (is not equivalent)
    Compare point inf_reg failed (is not equivalent)
    Compare point overflow_reg failed (is not equivalent)
    Compare point underflow_reg failed (is not equivalent)
    Compare point fpu___div_opa_ldz_r1_reg[0] failed (is not equivalent)
    Compare point fpu___div_opa_ldz_r1_reg[1] failed (is not equivalent)
    Compare point fpu___div_opa_ldz_r1_reg[2] failed (is not equivalent)
    Compare point fpu___div_opa_ldz_r1_reg[3] failed (is not equivalent)
    Compare point fpu___div_opa_ldz_r1_reg[4] failed (is not equivalent)
    Compare point fpu___u_divider___dividend_t2_r_reg[27] failed (is not equivalent)
    Compare point fpu___u_divider___dividend_t2_r_reg[28] failed (is not equivalent)
    Compare point fpu___u_divider___dividend_t2_r_reg[29] failed (is not equivalent)
    Compare point fpu___u_divider___dividend_t2_r_reg[30] failed (is not equivalent)
    Compare point fpu___u_divider___dividend_t2_r_reg[31] failed (is not equivalent)
    Compare point fpu___u_divider___dividend_t2_r_reg[32] failed (is not equivalent)
    Compare point fpu___u_divider___remainder_t2_r_reg[0] failed (is not equivalent)
    Compare point fpu___u_divider___remainder_t2_r_reg[10] failed (is not equivalent)
    Compare point fpu___u_divider___remainder_t2_r_reg[11] failed (is not equivalent)
    Compare point fpu___u_divider___remainder_t2_r_reg[12] failed (is not equivalent)
    Compare point fpu___u_divider___remainder_t2_r_reg[13] failed (is not equivalent)
    Compare point fpu___u_divider___remainder_t2_r_reg[14] failed (is not equivalent)
    Compare point fpu___u_divider___remainder_t2_r_reg[15] failed (is not equivalent)
    Compare point fpu___u_divider___remainder_t2_r_reg[16] failed (is not equivalent)
    Compare point fpu___u_divider___remainder_t2_r_reg[1] failed (is not equivalent)
    Compare point fpu___u_divider___remainder_t2_r_reg[2] failed (is not equivalent)
    Compare point fpu___u_divider___remainder_t2_r_reg[3] failed (is not equivalent)
    Compare point fpu___u_divider___remainder_t2_r_reg[4] failed (is not equivalent)
    Compare point fpu___u_divider___remainder_t2_r_reg[5] failed (is not equivalent)
    Compare point fpu___u_divider___remainder_t2_r_reg[6] failed (is not equivalent)
    Compare point fpu___u_divider___remainder_t2_r_reg[7] failed (is not equivalent)
    Compare point fpu___u_divider___remainder_t2_r_reg[8] failed (is not equivalent)
    Compare point fpu___u_divider___remainder_t2_r_reg[9] failed (is not equivalent)
    Compare point fpu___u_divider___dividend_t2_r_reg[26] failed (is not equivalent)
    Compare point fpu___u_divider___merchant_t2_r_reg[0] failed (is not equivalent)
    Compare point fpu___u_divider___merchant_t2_r_reg[12] failed (is not equivalent)
    Compare point fpu___u_divider___merchant_t2_r_reg[1] failed (is not equivalent)
    Compare point fpu___u_divider___merchant_t2_r_reg[2] failed (is not equivalent)
    Compare point fpu___u_divider___merchant_t2_r_reg[3] failed (is not equivalent)
    Compare point fpu___u_divider___merchant_t2_r_reg[4] failed (is not equivalent)
    Compare point fpu___u_divider___merchant_t2_r_reg[5] failed (is not equivalent)
    Compare point fpu___u_divider___merchant_t2_r_reg[6] failed (is not equivalent)
    Compare point fpu___u_divider___merchant_t2_r_reg[7] failed (is not equivalent)
    Compare point fpu___u_divider___merchant_t2_r_reg[8] failed (is not equivalent)
    Compare point fpu___u_divider___merchant_t2_r_reg[9] failed (is not equivalent)
    Compare point fpu___u_divider___merchant_t2_r_reg[10] failed (is not equivalent)
    Compare point fpu___u_divider___merchant_t2_r_reg[11] failed (is not equivalent)
    Compare point fpu___u_divider___remainder_t2_r_reg[17] failed (is not equivalent)
    Compare point fpu___u_divider___remainder_t2_r_reg[18] failed (is not equivalent)
    Compare point fpu___u_divider___remainder_t2_r_reg[19] failed (is not equivalent)
    Compare point fpu___u_divider___remainder_t2_r_reg[20] failed (is not equivalent)
    Compare point fpu___u_divider___remainder_t2_r_reg[21] failed (is not equivalent)
    Compare point fpu___u_divider___remainder_t2_r_reg[22] failed (is not equivalent)
    Compare point fpu___u_divider___remainder_t2_r_reg[23] failed (is not equivalent)
    Compare point fpu___u_divider___merchant_t2_r_reg[14] failed (is not equivalent)
    Compare point fpu___u_divider___merchant_t2_r_reg[16] failed (is not equivalent)
    Compare point fpu___u_divider___merchant_t2_r_reg[13] failed (is not equivalent)
    Compare point fpu___u_divider___merchant_t2_r_reg[15] failed (is not equivalent)

************ RTL Interpretation Summary ************
************ Reference:      r:/WORK/fpu
full_case ignored (7 total, 1 with unspecified cases)
************ Implementation: i:/WORK/fpu
71 FMR_ELAB-034 messages produced   

Please refer to the Formality log file for more details,
or execute report_hdlin_mismatches.
****************************************************


********************************* Verification Results *********************************
Verification FAILED
   ATTENTION: RTL interpretation messages were produced during link
              of implementation design.
              Verification results may disagree with a logic simulator.
   ATTENTION: 37 failing compare points have unmatched undriven signals in their
                reference fan-in.  To report such failing points, use
                "report_failing_points -inputs unmatched -inputs undriven".
              To read about undriven signal handling, use
                "man verification_set_undriven_signals".
----------------------------------------------------------------------------------------
 Reference design: r:/WORK/fpu
 Implementation design: i:/WORK/fpu
 577 Passing compare points
 90 Failing compare points (90 matched, 0 unmatched)
 0 Aborted compare points
 0 Unverified compare points
----------------------------------------------------------------------------------------
Matched Compare Points     BBPin    Loop   BBNet     Cut    Port     DFF     LAT   TOTAL
----------------------------------------------------------------------------------------
Passing (equivalent)           0       0       0       0      42     534       1     577
Failing (not equivalent)       0       0       0       0       0      90       0      90
Not Compared
  Constant reg                                                        44       0      44
****************************************************************************************
Info:  Try the analyze_points command to see if Formality can determine potential
causes, or suggest next steps for a FAILED or INCONCLUSIVE verification.
See the man page for analyze_points usage and options.
Info:  Formality Guide Files (SVF) can improve verification success by automating setup.
0
exit

Maximum memory usage for this session: 920 MB
CPU usage for this session: 24.3 seconds ( 0.01 hours )
Current time: Thu Sep 11 00:35:12 2025
Elapsed time: 25 seconds ( 0.01 hours )

Thank you for using Formality (R)!
