
 /----------------------------------------------------------------------------\
 |  yosys -- Yosys Open SYnthesis Suite                                       |
 |  Copyright (C) 2012 - 2025  Claire Xenia Wolf <claire@yosyshq.com>         |
 |  Distributed under an ISC-like license, type "license" to see terms        |
 \----------------------------------------------------------------------------/
 Yosys 0.60+8 (git sha1 0e31e389f, clang++ 18.1.8 -fPIC -O3)

-- Executing script file `design_smt2.ys' --

1. Executing RTLIL frontend.
Input filename: design_prep.il

2. Executing HIERARCHY pass (managing design hierarchy).
Attribute `top' found on module `miter'. Setting top module to miter.

2.1. Analyzing design hierarchy..
Top module:  \miter

2.2. Analyzing design hierarchy..
Top module:  \miter
Removed 0 unused modules.

3. Executing FORMALFF pass.

4. Executing DFFUNMAP pass (unmap clock enable and synchronous reset from FFs).

5. Printing statistics.

=== miter ===

        +----------Local Count, excluding submodules.
        | 
      686 wires
     1854 wire bits
      127 public wires
      396 public wire bits
        5 ports
        5 port bits
      648 cells
        8   $add
        4   $and
       12   $anyseq
      129   $eq
        4   $eqx
      131   $ff
        3   $gt
        4   $logic_and
       20   $logic_not
        3   $lt
      248   $mux
        2   $ne
        5   $not
       40   $pmux
        2   $reduce_bool
       16   $reduce_or
       11   $scopeinfo
        6   $sub

6. Executing SMT2 backend.

6.1. Executing BMUXMAP pass.

6.2. Executing DEMUXMAP pass.
Creating SMT-LIBv2 representation of module miter.

End of script. Logfile hash: bf7aae8fc6, CPU: user 0.01s system 0.01s, MEM: 14.07 MB peak
Yosys 0.60+8 (git sha1 0e31e389f, clang++ 18.1.8 -fPIC -O3)
Time spent: 70% 2x write_smt2 (0 sec), 19% 2x read_rtlil (0 sec), ...
